Job 4016370 on gpu01, started Mon Oct  5 18:40:57 +03 2026, DEVICE=gpu
JAX device: cuda:0 (Tesla V100-PCIE-32GB)
Energy bands: 2.25-3.15 keV
Cloud: clouds/4u1630_NH_111111111100001_DSH_11p5kpc.fits
Cloud shape (z, y, x): (1149, 53, 49)
Simulated source fluence: 6428166 ph cm^-2
Progress log: logs/progress.log
2026-10-05 18:41:19    0.01%  50,000 / 1,000,000,000 packets  elapsed 0:00:11  ETA 62:25:47
2026-10-05 18:41:20    0.01%  100,000 / 1,000,000,000 packets  elapsed 0:00:13  ETA 36:17:37
2026-10-05 18:41:22    0.01%  150,000 / 1,000,000,000 packets  elapsed 0:00:15  ETA 27:34:41
2026-10-05 18:41:24    0.02%  200,000 / 1,000,000,000 packets  elapsed 0:00:17  ETA 23:18:23
2026-10-05 18:41:26    0.03%  250,000 / 1,000,000,000 packets  elapsed 0:00:19  ETA 20:42:03
2026-10-05 18:41:28    0.03%  300,000 / 1,000,000,000 packets  elapsed 0:00:20  ETA 18:56:33
2026-10-05 18:41:30    0.03%  350,000 / 1,000,000,000 packets  elapsed 0:00:22  ETA 17:41:12
2026-10-05 18:41:31    0.04%  400,000 / 1,000,000,000 packets  elapsed 0:00:24  ETA 16:44:43
2026-10-05 18:41:33    0.04%  450,000 / 1,000,000,000 packets  elapsed 0:00:26  ETA 16:00:43
2026-10-05 18:41:35    0.05%  500,000 / 1,000,000,000 packets  elapsed 0:00:28  ETA 15:25:32
2026-10-05 18:41:37    0.06%  550,000 / 1,000,000,000 packets  elapsed 0:00:30  ETA 14:56:39
2026-10-05 18:41:39    0.06%  600,000 / 1,000,000,000 packets  elapsed 0:00:31  ETA 14:32:38
2026-10-05 18:41:41    0.07%  650,000 / 1,000,000,000 packets  elapsed 0:00:33  ETA 14:12:17
2026-10-05 18:41:42    0.07%  700,000 / 1,000,000,000 packets  elapsed 0:00:35  ETA 13:54:50
2026-10-05 18:41:44    0.07%  750,000 / 1,000,000,000 packets  elapsed 0:00:37  ETA 13:39:44
2026-10-05 18:41:46    0.08%  800,000 / 1,000,000,000 packets  elapsed 0:00:39  ETA 13:26:33
2026-10-05 18:41:48    0.08%  850,000 / 1,000,000,000 packets  elapsed 0:00:41  ETA 13:14:54
2026-10-05 18:41:50    0.09%  900,000 / 1,000,000,000 packets  elapsed 0:00:42  ETA 13:04:32
2026-10-05 18:41:52    0.10%  950,000 / 1,000,000,000 packets  elapsed 0:00:44  ETA 12:55:35
2026-10-05 18:41:53    0.10%  1,000,000 / 1,000,000,000 packets  elapsed 0:00:46  ETA 12:47:14
2026-10-05 18:41:55    0.10%  1,050,000 / 1,000,000,000 packets  elapsed 0:00:48  ETA 12:39:39
2026-10-05 18:41:57    0.11%  1,100,000 / 1,000,000,000 packets  elapsed 0:00:50  ETA 12:32:48
2026-10-05 18:41:59    0.11%  1,150,000 / 1,000,000,000 packets  elapsed 0:00:52  ETA 12:26:37
2026-10-05 18:42:01    0.12%  1,200,000 / 1,000,000,000 packets  elapsed 0:00:53  ETA 12:20:49
2026-10-05 18:42:03    0.12%  1,250,000 / 1,000,000,000 packets  elapsed 0:00:55  ETA 12:15:29
2026-10-05 18:42:04    0.13%  1,300,000 / 1,000,000,000 packets  elapsed 0:00:57  ETA 12:10:34
2026-10-05 18:42:06    0.14%  1,350,000 / 1,000,000,000 packets  elapsed 0:00:59  ETA 12:06:00
2026-10-05 18:42:08    0.14%  1,400,000 / 1,000,000,000 packets  elapsed 0:01:01  ETA 12:01:46
2026-10-05 18:42:10    0.14%  1,450,000 / 1,000,000,000 packets  elapsed 0:01:03  ETA 11:57:49
2026-10-05 18:42:12    0.15%  1,500,000 / 1,000,000,000 packets  elapsed 0:01:04  ETA 11:54:09
2026-10-05 18:42:14    0.15%  1,550,000 / 1,000,000,000 packets  elapsed 0:01:06  ETA 11:50:45
2026-10-05 18:42:15    0.16%  1,600,000 / 1,000,000,000 packets  elapsed 0:01:08  ETA 11:47:33
2026-10-05 18:42:17    0.17%  1,650,000 / 1,000,000,000 packets  elapsed 0:01:10  ETA 11:44:30
2026-10-05 18:42:19    0.17%  1,700,000 / 1,000,000,000 packets  elapsed 0:01:12  ETA 11:41:38
2026-10-05 18:42:21    0.18%  1,750,000 / 1,000,000,000 packets  elapsed 0:01:14  ETA 11:38:56
2026-10-05 18:42:23    0.18%  1,800,000 / 1,000,000,000 packets  elapsed 0:01:15  ETA 11:36:24
2026-10-05 18:42:25    0.18%  1,850,000 / 1,000,000,000 packets  elapsed 0:01:17  ETA 11:33:59
2026-10-05 18:42:26    0.19%  1,900,000 / 1,000,000,000 packets  elapsed 0:01:19  ETA 11:31:41
2026-10-05 18:42:28    0.19%  1,950,000 / 1,000,000,000 packets  elapsed 0:01:21  ETA 11:29:31
2026-10-05 18:42:30    0.20%  2,000,000 / 1,000,000,000 packets  elapsed 0:01:23  ETA 11:27:27
2026-10-05 18:42:32    0.21%  2,050,000 / 1,000,000,000 packets  elapsed 0:01:24  ETA 11:25:29
2026-10-05 18:42:34    0.21%  2,100,000 / 1,000,000,000 packets  elapsed 0:01:26  ETA 11:23:37
2026-10-05 18:42:35    0.21%  2,150,000 / 1,000,000,000 packets  elapsed 0:01:28  ETA 11:21:50
2026-10-05 18:42:37    0.22%  2,200,000 / 1,000,000,000 packets  elapsed 0:01:30  ETA 11:20:08
2026-10-05 18:42:39    0.22%  2,250,000 / 1,000,000,000 packets  elapsed 0:01:32  ETA 11:18:30
2026-10-05 18:42:41    0.23%  2,300,000 / 1,000,000,000 packets  elapsed 0:01:34  ETA 11:16:56
2026-10-05 18:42:43    0.24%  2,350,000 / 1,000,000,000 packets  elapsed 0:01:35  ETA 11:15:26
2026-10-05 18:42:45    0.24%  2,400,000 / 1,000,000,000 packets  elapsed 0:01:37  ETA 11:14:00
2026-10-05 18:42:46    0.24%  2,450,000 / 1,000,000,000 packets  elapsed 0:01:39  ETA 11:12:36
2026-10-05 18:42:48    0.25%  2,500,000 / 1,000,000,000 packets  elapsed 0:01:41  ETA 11:11:17
2026-10-05 18:42:50    0.26%  2,550,000 / 1,000,000,000 packets  elapsed 0:01:43  ETA 11:10:00
2026-10-05 18:42:52    0.26%  2,600,000 / 1,000,000,000 packets  elapsed 0:01:45  ETA 11:08:44
2026-10-05 18:42:54    0.27%  2,650,000 / 1,000,000,000 packets  elapsed 0:01:46  ETA 11:07:33
2026-10-05 18:42:56    0.27%  2,700,000 / 1,000,000,000 packets  elapsed 0:01:48  ETA 11:06:24
2026-10-05 18:42:57    0.27%  2,750,000 / 1,000,000,000 packets  elapsed 0:01:50  ETA 11:05:18
2026-10-05 18:42:59    0.28%  2,800,000 / 1,000,000,000 packets  elapsed 0:01:52  ETA 11:04:15
2026-10-05 18:43:01    0.29%  2,850,000 / 1,000,000,000 packets  elapsed 0:01:54  ETA 11:03:30
2026-10-05 18:43:03    0.29%  2,900,000 / 1,000,000,000 packets  elapsed 0:01:56  ETA 11:02:42
2026-10-05 18:43:05    0.29%  2,950,000 / 1,000,000,000 packets  elapsed 0:01:57  ETA 11:01:44
2026-10-05 18:43:07    0.30%  3,000,000 / 1,000,000,000 packets  elapsed 0:01:59  ETA 11:00:48
2026-10-05 18:43:08    0.30%  3,050,000 / 1,000,000,000 packets  elapsed 0:02:01  ETA 10:59:53
2026-10-05 18:43:10    0.31%  3,100,000 / 1,000,000,000 packets  elapsed 0:02:03  ETA 10:59:01
2026-10-05 18:43:12    0.32%  3,150,000 / 1,000,000,000 packets  elapsed 0:02:05  ETA 10:58:10
2026-10-05 18:43:14    0.32%  3,200,000 / 1,000,000,000 packets  elapsed 0:02:07  ETA 10:57:21
2026-10-05 18:43:16    0.33%  3,250,000 / 1,000,000,000 packets  elapsed 0:02:08  ETA 10:56:32
2026-10-05 18:43:18    0.33%  3,300,000 / 1,000,000,000 packets  elapsed 0:02:10  ETA 10:55:45
2026-10-05 18:43:19    0.34%  3,350,000 / 1,000,000,000 packets  elapsed 0:02:12  ETA 10:55:00
2026-10-05 18:43:21    0.34%  3,400,000 / 1,000,000,000 packets  elapsed 0:02:14  ETA 10:54:16
2026-10-05 18:43:23    0.34%  3,450,000 / 1,000,000,000 packets  elapsed 0:02:16  ETA 10:53:33
2026-10-05 18:43:25    0.35%  3,500,000 / 1,000,000,000 packets  elapsed 0:02:18  ETA 10:52:51
2026-10-05 18:43:27    0.36%  3,550,000 / 1,000,000,000 packets  elapsed 0:02:19  ETA 10:52:11
2026-10-05 18:43:29    0.36%  3,600,000 / 1,000,000,000 packets  elapsed 0:02:21  ETA 10:51:31
2026-10-05 18:43:30    0.36%  3,650,000 / 1,000,000,000 packets  elapsed 0:02:23  ETA 10:50:53
2026-10-05 18:43:32    0.37%  3,700,000 / 1,000,000,000 packets  elapsed 0:02:25  ETA 10:50:20
2026-10-05 18:43:34    0.38%  3,750,000 / 1,000,000,000 packets  elapsed 0:02:27  ETA 10:49:44
2026-10-05 18:43:36    0.38%  3,800,000 / 1,000,000,000 packets  elapsed 0:02:29  ETA 10:49:09
2026-10-05 18:43:38    0.39%  3,850,000 / 1,000,000,000 packets  elapsed 0:02:30  ETA 10:48:34
2026-10-05 18:43:40    0.39%  3,900,000 / 1,000,000,000 packets  elapsed 0:02:32  ETA 10:48:00
2026-10-05 18:43:41    0.40%  3,950,000 / 1,000,000,000 packets  elapsed 0:02:34  ETA 10:47:27
2026-10-05 18:43:43    0.40%  4,000,000 / 1,000,000,000 packets  elapsed 0:02:36  ETA 10:46:55
2026-10-05 18:43:45    0.40%  4,050,000 / 1,000,000,000 packets  elapsed 0:02:38  ETA 10:46:23
2026-10-05 18:43:47    0.41%  4,100,000 / 1,000,000,000 packets  elapsed 0:02:40  ETA 10:45:53
2026-10-05 18:43:49    0.41%  4,150,000 / 1,000,000,000 packets  elapsed 0:02:41  ETA 10:45:22
2026-10-05 18:43:51    0.42%  4,200,000 / 1,000,000,000 packets  elapsed 0:02:43  ETA 10:44:53
2026-10-05 18:43:52    0.43%  4,250,000 / 1,000,000,000 packets  elapsed 0:02:45  ETA 10:44:24
2026-10-05 18:43:54    0.43%  4,300,000 / 1,000,000,000 packets  elapsed 0:02:47  ETA 10:43:56
2026-10-05 18:43:56    0.43%  4,350,000 / 1,000,000,000 packets  elapsed 0:02:49  ETA 10:43:28
2026-10-05 18:43:58    0.44%  4,400,000 / 1,000,000,000 packets  elapsed 0:02:51  ETA 10:43:01
2026-10-05 18:44:00    0.45%  4,450,000 / 1,000,000,000 packets  elapsed 0:02:52  ETA 10:42:34
2026-10-05 18:44:02    0.45%  4,500,000 / 1,000,000,000 packets  elapsed 0:02:54  ETA 10:42:08
2026-10-05 18:44:03    0.46%  4,550,000 / 1,000,000,000 packets  elapsed 0:02:56  ETA 10:41:43
2026-10-05 18:44:05    0.46%  4,600,000 / 1,000,000,000 packets  elapsed 0:02:58  ETA 10:41:18
2026-10-05 18:44:07    0.46%  4,650,000 / 1,000,000,000 packets  elapsed 0:03:00  ETA 10:40:54
2026-10-05 18:44:09    0.47%  4,700,000 / 1,000,000,000 packets  elapsed 0:03:01  ETA 10:40:30
2026-10-05 18:44:11    0.47%  4,750,000 / 1,000,000,000 packets  elapsed 0:03:03  ETA 10:40:07
2026-10-05 18:44:12    0.48%  4,800,000 / 1,000,000,000 packets  elapsed 0:03:05  ETA 10:39:44
2026-10-05 18:44:14    0.48%  4,850,000 / 1,000,000,000 packets  elapsed 0:03:07  ETA 10:39:21
2026-10-05 18:44:16    0.49%  4,900,000 / 1,000,000,000 packets  elapsed 0:03:09  ETA 10:38:59
2026-10-05 18:44:18    0.50%  4,950,000 / 1,000,000,000 packets  elapsed 0:03:11  ETA 10:38:37
2026-10-05 18:44:20    0.50%  5,000,000 / 1,000,000,000 packets  elapsed 0:03:12  ETA 10:38:15
2026-10-05 18:44:22    0.51%  5,050,000 / 1,000,000,000 packets  elapsed 0:03:14  ETA 10:37:54
2026-10-05 18:44:23    0.51%  5,100,000 / 1,000,000,000 packets  elapsed 0:03:16  ETA 10:37:34
2026-10-05 18:44:25    0.52%  5,150,000 / 1,000,000,000 packets  elapsed 0:03:18  ETA 10:37:14
2026-10-05 18:44:27    0.52%  5,200,000 / 1,000,000,000 packets  elapsed 0:03:20  ETA 10:36:54
2026-10-05 18:44:29    0.53%  5,250,000 / 1,000,000,000 packets  elapsed 0:03:22  ETA 10:36:34
2026-10-05 18:44:31    0.53%  5,300,000 / 1,000,000,000 packets  elapsed 0:03:23  ETA 10:36:15
2026-10-05 18:44:33    0.53%  5,350,000 / 1,000,000,000 packets  elapsed 0:03:25  ETA 10:35:56
2026-10-05 18:44:34    0.54%  5,400,000 / 1,000,000,000 packets  elapsed 0:03:27  ETA 10:35:38
2026-10-05 18:44:36    0.55%  5,450,000 / 1,000,000,000 packets  elapsed 0:03:29  ETA 10:35:19
2026-10-05 18:44:38    0.55%  5,500,000 / 1,000,000,000 packets  elapsed 0:03:31  ETA 10:35:01
2026-10-05 18:44:40    0.56%  5,550,000 / 1,000,000,000 packets  elapsed 0:03:33  ETA 10:34:43
2026-10-05 18:44:42    0.56%  5,600,000 / 1,000,000,000 packets  elapsed 0:03:34  ETA 10:34:26
2026-10-05 18:44:44    0.56%  5,650,000 / 1,000,000,000 packets  elapsed 0:03:36  ETA 10:34:09
2026-10-05 18:44:45    0.57%  5,700,000 / 1,000,000,000 packets  elapsed 0:03:38  ETA 10:33:52
2026-10-05 18:44:47    0.57%  5,750,000 / 1,000,000,000 packets  elapsed 0:03:40  ETA 10:33:36
2026-10-05 18:44:49    0.58%  5,800,000 / 1,000,000,000 packets  elapsed 0:03:42  ETA 10:33:19
2026-10-05 18:44:51    0.58%  5,850,000 / 1,000,000,000 packets  elapsed 0:03:44  ETA 10:33:03
2026-10-05 18:44:53    0.59%  5,900,000 / 1,000,000,000 packets  elapsed 0:03:45  ETA 10:32:47
2026-10-05 18:44:55    0.60%  5,950,000 / 1,000,000,000 packets  elapsed 0:03:47  ETA 10:32:32
2026-10-05 18:44:56    0.60%  6,000,000 / 1,000,000,000 packets  elapsed 0:03:49  ETA 10:32:16
2026-10-05 18:44:58    0.60%  6,050,000 / 1,000,000,000 packets  elapsed 0:03:51  ETA 10:32:01
2026-10-05 18:45:00    0.61%  6,100,000 / 1,000,000,000 packets  elapsed 0:03:53  ETA 10:31:46
2026-10-05 18:45:02    0.61%  6,150,000 / 1,000,000,000 packets  elapsed 0:03:54  ETA 10:31:32
2026-10-05 18:45:04    0.62%  6,200,000 / 1,000,000,000 packets  elapsed 0:03:56  ETA 10:31:17
2026-10-05 18:45:05    0.62%  6,250,000 / 1,000,000,000 packets  elapsed 0:03:58  ETA 10:31:03
2026-10-05 18:45:07    0.63%  6,300,000 / 1,000,000,000 packets  elapsed 0:04:00  ETA 10:30:48
2026-10-05 18:45:09    0.64%  6,350,000 / 1,000,000,000 packets  elapsed 0:04:02  ETA 10:30:34
2026-10-05 18:45:11    0.64%  6,400,000 / 1,000,000,000 packets  elapsed 0:04:04  ETA 10:30:21
2026-10-05 18:45:13    0.65%  6,450,000 / 1,000,000,000 packets  elapsed 0:04:05  ETA 10:30:07
2026-10-05 18:45:15    0.65%  6,500,000 / 1,000,000,000 packets  elapsed 0:04:07  ETA 10:29:54
2026-10-05 18:45:16    0.66%  6,550,000 / 1,000,000,000 packets  elapsed 0:04:09  ETA 10:29:40
2026-10-05 18:45:18    0.66%  6,600,000 / 1,000,000,000 packets  elapsed 0:04:11  ETA 10:29:28
2026-10-05 18:45:20    0.66%  6,650,000 / 1,000,000,000 packets  elapsed 0:04:13  ETA 10:29:15
2026-10-05 18:45:22    0.67%  6,700,000 / 1,000,000,000 packets  elapsed 0:04:15  ETA 10:29:02
2026-10-05 18:45:24    0.68%  6,750,000 / 1,000,000,000 packets  elapsed 0:04:16  ETA 10:28:49
2026-10-05 18:45:26    0.68%  6,800,000 / 1,000,000,000 packets  elapsed 0:04:18  ETA 10:28:37
2026-10-05 18:45:27    0.69%  6,850,000 / 1,000,000,000 packets  elapsed 0:04:20  ETA 10:28:24
2026-10-05 18:45:29    0.69%  6,900,000 / 1,000,000,000 packets  elapsed 0:04:22  ETA 10:28:12
2026-10-05 18:45:31    0.69%  6,950,000 / 1,000,000,000 packets  elapsed 0:04:24  ETA 10:28:00
2026-10-05 18:45:33    0.70%  7,000,000 / 1,000,000,000 packets  elapsed 0:04:26  ETA 10:27:49
2026-10-05 18:45:35    0.70%  7,050,000 / 1,000,000,000 packets  elapsed 0:04:27  ETA 10:27:37
2026-10-05 18:45:37    0.71%  7,100,000 / 1,000,000,000 packets  elapsed 0:04:29  ETA 10:27:25
2026-10-05 18:45:38    0.71%  7,150,000 / 1,000,000,000 packets  elapsed 0:04:31  ETA 10:27:14
2026-10-05 18:45:40    0.72%  7,200,000 / 1,000,000,000 packets  elapsed 0:04:33  ETA 10:27:03
2026-10-05 18:45:42    0.73%  7,250,000 / 1,000,000,000 packets  elapsed 0:04:35  ETA 10:26:52
2026-10-05 18:45:44    0.73%  7,300,000 / 1,000,000,000 packets  elapsed 0:04:37  ETA 10:26:41
2026-10-05 18:45:46    0.73%  7,350,000 / 1,000,000,000 packets  elapsed 0:04:38  ETA 10:26:30
2026-10-05 18:45:47    0.74%  7,400,000 / 1,000,000,000 packets  elapsed 0:04:40  ETA 10:26:19
2026-10-05 18:45:49    0.74%  7,450,000 / 1,000,000,000 packets  elapsed 0:04:42  ETA 10:26:08
2026-10-05 18:45:51    0.75%  7,500,000 / 1,000,000,000 packets  elapsed 0:04:44  ETA 10:25:58
2026-10-05 18:45:53    0.76%  7,550,000 / 1,000,000,000 packets  elapsed 0:04:46  ETA 10:25:47
2026-10-05 18:45:55    0.76%  7,600,000 / 1,000,000,000 packets  elapsed 0:04:47  ETA 10:25:37
2026-10-05 18:45:57    0.77%  7,650,000 / 1,000,000,000 packets  elapsed 0:04:49  ETA 10:25:27
2026-10-05 18:45:58    0.77%  7,700,000 / 1,000,000,000 packets  elapsed 0:04:51  ETA 10:25:17
2026-10-05 18:46:00    0.78%  7,750,000 / 1,000,000,000 packets  elapsed 0:04:53  ETA 10:25:07
2026-10-05 18:46:02    0.78%  7,800,000 / 1,000,000,000 packets  elapsed 0:04:55  ETA 10:24:57
2026-10-05 18:46:04    0.78%  7,850,000 / 1,000,000,000 packets  elapsed 0:04:57  ETA 10:24:47
2026-10-05 18:46:06    0.79%  7,900,000 / 1,000,000,000 packets  elapsed 0:04:58  ETA 10:24:38
2026-10-05 18:46:08    0.80%  7,950,000 / 1,000,000,000 packets  elapsed 0:05:00  ETA 10:24:28
2026-10-05 18:46:09    0.80%  8,000,000 / 1,000,000,000 packets  elapsed 0:05:02  ETA 10:24:19
2026-10-05 18:46:11    0.80%  8,050,000 / 1,000,000,000 packets  elapsed 0:05:04  ETA 10:24:10
2026-10-05 18:46:13    0.81%  8,100,000 / 1,000,000,000 packets  elapsed 0:05:06  ETA 10:24:00
2026-10-05 18:46:15    0.81%  8,150,000 / 1,000,000,000 packets  elapsed 0:05:08  ETA 10:23:51
2026-10-05 18:46:17    0.82%  8,200,000 / 1,000,000,000 packets  elapsed 0:05:09  ETA 10:23:42
2026-10-05 18:46:19    0.83%  8,250,000 / 1,000,000,000 packets  elapsed 0:05:11  ETA 10:23:33
2026-10-05 18:46:20    0.83%  8,300,000 / 1,000,000,000 packets  elapsed 0:05:13  ETA 10:23:24
2026-10-05 18:46:22    0.83%  8,350,000 / 1,000,000,000 packets  elapsed 0:05:15  ETA 10:23:15
2026-10-05 18:46:24    0.84%  8,400,000 / 1,000,000,000 packets  elapsed 0:05:17  ETA 10:23:07
2026-10-05 18:46:26    0.84%  8,450,000 / 1,000,000,000 packets  elapsed 0:05:19  ETA 10:22:58
2026-10-05 18:46:28    0.85%  8,500,000 / 1,000,000,000 packets  elapsed 0:05:20  ETA 10:22:50
2026-10-05 18:46:30    0.85%  8,550,000 / 1,000,000,000 packets  elapsed 0:05:22  ETA 10:22:41
2026-10-05 18:46:31    0.86%  8,600,000 / 1,000,000,000 packets  elapsed 0:05:24  ETA 10:22:33
2026-10-05 18:46:33    0.86%  8,650,000 / 1,000,000,000 packets  elapsed 0:05:26  ETA 10:22:25
2026-10-05 18:46:35    0.87%  8,700,000 / 1,000,000,000 packets  elapsed 0:05:28  ETA 10:22:16
2026-10-05 18:46:37    0.88%  8,750,000 / 1,000,000,000 packets  elapsed 0:05:30  ETA 10:22:08
2026-10-05 18:46:39    0.88%  8,800,000 / 1,000,000,000 packets  elapsed 0:05:31  ETA 10:22:00
2026-10-05 18:46:41    0.89%  8,850,000 / 1,000,000,000 packets  elapsed 0:05:33  ETA 10:21:52
2026-10-05 18:46:42    0.89%  8,900,000 / 1,000,000,000 packets  elapsed 0:05:35  ETA 10:21:44
2026-10-05 18:46:44    0.90%  8,950,000 / 1,000,000,000 packets  elapsed 0:05:37  ETA 10:21:36
2026-10-05 18:46:46    0.90%  9,000,000 / 1,000,000,000 packets  elapsed 0:05:39  ETA 10:21:29
2026-10-05 18:46:48    0.91%  9,050,000 / 1,000,000,000 packets  elapsed 0:05:40  ETA 10:21:21
2026-10-05 18:46:50    0.91%  9,100,000 / 1,000,000,000 packets  elapsed 0:05:42  ETA 10:21:13
2026-10-05 18:46:51    0.92%  9,150,000 / 1,000,000,000 packets  elapsed 0:05:44  ETA 10:21:06
2026-10-05 18:46:53    0.92%  9,200,000 / 1,000,000,000 packets  elapsed 0:05:46  ETA 10:20:58
2026-10-05 18:46:55    0.92%  9,250,000 / 1,000,000,000 packets  elapsed 0:05:48  ETA 10:20:50
2026-10-05 18:46:57    0.93%  9,300,000 / 1,000,000,000 packets  elapsed 0:05:50  ETA 10:20:45
2026-10-05 18:46:59    0.94%  9,350,000 / 1,000,000,000 packets  elapsed 0:05:51  ETA 10:20:41
2026-10-05 18:47:01    0.94%  9,400,000 / 1,000,000,000 packets  elapsed 0:05:53  ETA 10:20:39
2026-10-05 18:47:03    0.95%  9,450,000 / 1,000,000,000 packets  elapsed 0:05:55  ETA 10:20:32
2026-10-05 18:47:04    0.95%  9,500,000 / 1,000,000,000 packets  elapsed 0:05:57  ETA 10:20:24
2026-10-05 18:47:06    0.95%  9,550,000 / 1,000,000,000 packets  elapsed 0:05:59  ETA 10:20:17
2026-10-05 18:47:08    0.96%  9,600,000 / 1,000,000,000 packets  elapsed 0:06:01  ETA 10:20:10
2026-10-05 18:47:10    0.97%  9,650,000 / 1,000,000,000 packets  elapsed 0:06:03  ETA 10:20:03
2026-10-05 18:47:12    0.97%  9,700,000 / 1,000,000,000 packets  elapsed 0:06:04  ETA 10:19:56
2026-10-05 18:47:14    0.97%  9,750,000 / 1,000,000,000 packets  elapsed 0:06:06  ETA 10:19:49
2026-10-05 18:47:15    0.98%  9,800,000 / 1,000,000,000 packets  elapsed 0:06:08  ETA 10:19:42
2026-10-05 18:47:17    0.98%  9,850,000 / 1,000,000,000 packets  elapsed 0:06:10  ETA 10:19:35
2026-10-05 18:47:19    0.99%  9,900,000 / 1,000,000,000 packets  elapsed 0:06:12  ETA 10:19:29
2026-10-05 18:47:21    1.00%  9,950,000 / 1,000,000,000 packets  elapsed 0:06:13  ETA 10:19:22
2026-10-05 18:47:23    1.00%  10,000,000 / 1,000,000,000 packets  elapsed 0:06:15  ETA 10:19:15
2026-10-05 18:47:24    1.00%  10,050,000 / 1,000,000,000 packets  elapsed 0:06:17  ETA 10:19:08
2026-10-05 18:47:26    1.01%  10,100,000 / 1,000,000,000 packets  elapsed 0:06:19  ETA 10:19:02
2026-10-05 18:47:28    1.01%  10,150,000 / 1,000,000,000 packets  elapsed 0:06:21  ETA 10:18:55
2026-10-05 18:47:30    1.02%  10,200,000 / 1,000,000,000 packets  elapsed 0:06:23  ETA 10:18:49
2026-10-05 18:47:32    1.03%  10,250,000 / 1,000,000,000 packets  elapsed 0:06:24  ETA 10:18:42
2026-10-05 18:47:34    1.03%  10,300,000 / 1,000,000,000 packets  elapsed 0:06:26  ETA 10:18:36
2026-10-05 18:47:35    1.03%  10,350,000 / 1,000,000,000 packets  elapsed 0:06:28  ETA 10:18:29
2026-10-05 18:47:37    1.04%  10,400,000 / 1,000,000,000 packets  elapsed 0:06:30  ETA 10:18:23
2026-10-05 18:47:39    1.04%  10,450,000 / 1,000,000,000 packets  elapsed 0:06:32  ETA 10:18:17
2026-10-05 18:47:41    1.05%  10,500,000 / 1,000,000,000 packets  elapsed 0:06:34  ETA 10:18:10
2026-10-05 18:47:43    1.05%  10,550,000 / 1,000,000,000 packets  elapsed 0:06:35  ETA 10:18:04
2026-10-05 18:47:45    1.06%  10,600,000 / 1,000,000,000 packets  elapsed 0:06:37  ETA 10:17:58
2026-10-05 18:47:46    1.06%  10,650,000 / 1,000,000,000 packets  elapsed 0:06:39  ETA 10:17:52
2026-10-05 18:47:48    1.07%  10,700,000 / 1,000,000,000 packets  elapsed 0:06:41  ETA 10:17:45
2026-10-05 18:47:50    1.07%  10,750,000 / 1,000,000,000 packets  elapsed 0:06:43  ETA 10:17:39
2026-10-05 18:47:52    1.08%  10,800,000 / 1,000,000,000 packets  elapsed 0:06:45  ETA 10:17:33
2026-10-05 18:47:54    1.08%  10,850,000 / 1,000,000,000 packets  elapsed 0:06:46  ETA 10:17:27
2026-10-05 18:47:56    1.09%  10,900,000 / 1,000,000,000 packets  elapsed 0:06:48  ETA 10:17:21
2026-10-05 18:47:57    1.09%  10,950,000 / 1,000,000,000 packets  elapsed 0:06:50  ETA 10:17:15
2026-10-05 18:47:59    1.10%  11,000,000 / 1,000,000,000 packets  elapsed 0:06:52  ETA 10:17:10
2026-10-05 18:48:01    1.10%  11,050,000 / 1,000,000,000 packets  elapsed 0:06:54  ETA 10:17:04
2026-10-05 18:48:03    1.11%  11,100,000 / 1,000,000,000 packets  elapsed 0:06:56  ETA 10:16:58
2026-10-05 18:48:05    1.11%  11,150,000 / 1,000,000,000 packets  elapsed 0:06:57  ETA 10:16:52
2026-10-05 18:48:07    1.12%  11,200,000 / 1,000,000,000 packets  elapsed 0:06:59  ETA 10:16:46
2026-10-05 18:48:08    1.12%  11,250,000 / 1,000,000,000 packets  elapsed 0:07:01  ETA 10:16:40
2026-10-05 18:48:10    1.13%  11,300,000 / 1,000,000,000 packets  elapsed 0:07:03  ETA 10:16:35
2026-10-05 18:48:12    1.14%  11,350,000 / 1,000,000,000 packets  elapsed 0:07:05  ETA 10:16:29
2026-10-05 18:48:14    1.14%  11,400,000 / 1,000,000,000 packets  elapsed 0:07:06  ETA 10:16:24
2026-10-05 18:48:16    1.15%  11,450,000 / 1,000,000,000 packets  elapsed 0:07:08  ETA 10:16:18
2026-10-05 18:48:17    1.15%  11,500,000 / 1,000,000,000 packets  elapsed 0:07:10  ETA 10:16:12
2026-10-05 18:48:19    1.16%  11,550,000 / 1,000,000,000 packets  elapsed 0:07:12  ETA 10:16:07
2026-10-05 18:48:21    1.16%  11,600,000 / 1,000,000,000 packets  elapsed 0:07:14  ETA 10:16:01
2026-10-05 18:48:23    1.17%  11,650,000 / 1,000,000,000 packets  elapsed 0:07:16  ETA 10:15:56
2026-10-05 18:48:25    1.17%  11,700,000 / 1,000,000,000 packets  elapsed 0:07:17  ETA 10:15:51
2026-10-05 18:48:27    1.18%  11,750,000 / 1,000,000,000 packets  elapsed 0:07:19  ETA 10:15:45
2026-10-05 18:48:28    1.18%  11,800,000 / 1,000,000,000 packets  elapsed 0:07:21  ETA 10:15:40
2026-10-05 18:48:30    1.19%  11,850,000 / 1,000,000,000 packets  elapsed 0:07:23  ETA 10:15:35
2026-10-05 18:48:32    1.19%  11,900,000 / 1,000,000,000 packets  elapsed 0:07:25  ETA 10:15:30
2026-10-05 18:48:34    1.20%  11,950,000 / 1,000,000,000 packets  elapsed 0:07:27  ETA 10:15:24
2026-10-05 18:48:36    1.20%  12,000,000 / 1,000,000,000 packets  elapsed 0:07:28  ETA 10:15:19
2026-10-05 18:48:38    1.21%  12,050,000 / 1,000,000,000 packets  elapsed 0:07:30  ETA 10:15:14
2026-10-05 18:48:39    1.21%  12,100,000 / 1,000,000,000 packets  elapsed 0:07:32  ETA 10:15:09
2026-10-05 18:48:41    1.21%  12,150,000 / 1,000,000,000 packets  elapsed 0:07:34  ETA 10:15:03
2026-10-05 18:48:43    1.22%  12,200,000 / 1,000,000,000 packets  elapsed 0:07:36  ETA 10:14:58
2026-10-05 18:48:45    1.23%  12,250,000 / 1,000,000,000 packets  elapsed 0:07:38  ETA 10:14:53
2026-10-05 18:48:47    1.23%  12,300,000 / 1,000,000,000 packets  elapsed 0:07:39  ETA 10:14:48
2026-10-05 18:48:49    1.23%  12,350,000 / 1,000,000,000 packets  elapsed 0:07:41  ETA 10:14:43
2026-10-05 18:48:50    1.24%  12,400,000 / 1,000,000,000 packets  elapsed 0:07:43  ETA 10:14:38
2026-10-05 18:48:52    1.24%  12,450,000 / 1,000,000,000 packets  elapsed 0:07:45  ETA 10:14:33
2026-10-05 18:48:54    1.25%  12,500,000 / 1,000,000,000 packets  elapsed 0:07:47  ETA 10:14:28
2026-10-05 18:48:56    1.26%  12,550,000 / 1,000,000,000 packets  elapsed 0:07:49  ETA 10:14:23
2026-10-05 18:48:58    1.26%  12,600,000 / 1,000,000,000 packets  elapsed 0:07:50  ETA 10:14:18
2026-10-05 18:49:00    1.26%  12,650,000 / 1,000,000,000 packets  elapsed 0:07:52  ETA 10:14:13
2026-10-05 18:49:01    1.27%  12,700,000 / 1,000,000,000 packets  elapsed 0:07:54  ETA 10:14:08
2026-10-05 18:49:03    1.27%  12,750,000 / 1,000,000,000 packets  elapsed 0:07:56  ETA 10:14:04
2026-10-05 18:49:05    1.28%  12,800,000 / 1,000,000,000 packets  elapsed 0:07:58  ETA 10:13:59
2026-10-05 18:49:07    1.29%  12,850,000 / 1,000,000,000 packets  elapsed 0:07:59  ETA 10:13:54
2026-10-05 18:49:09    1.29%  12,900,000 / 1,000,000,000 packets  elapsed 0:08:01  ETA 10:13:49
slurmstepd-gpu01: error: *** JOB 4016370 ON gpu01 CANCELLED AT 2026-10-05T18:49:10 ***
