Job 4016326 on gpu01, started Mon Oct  5 16:08:34 +03 2026, DEVICE=gpu
JAX device: cuda:0 (Tesla V100-PCIE-32GB)
Cloud: clouds/4u1630_NH_111111111100001.fits
Cloud shape (z, y, x): (1500, 53, 49)
Simulated source fluence: 43.2 ph cm^-2
Progress log: logs/progress.log
2026-10-05 16:08:53    0.50%  10,000 / 2,000,000 packets  elapsed 0:00:10  ETA 0:32:29
2026-10-05 16:08:54    1.00%  20,000 / 2,000,000 packets  elapsed 0:00:11  ETA 0:17:41
2026-10-05 16:08:54    1.50%  30,000 / 2,000,000 packets  elapsed 0:00:12  ETA 0:12:41
2026-10-05 16:08:55    2.00%  40,000 / 2,000,000 packets  elapsed 0:00:12  ETA 0:10:10
2026-10-05 16:08:56    2.50%  50,000 / 2,000,000 packets  elapsed 0:00:13  ETA 0:08:40
2026-10-05 16:08:57    3.00%  60,000 / 2,000,000 packets  elapsed 0:00:14  ETA 0:07:39
2026-10-05 16:08:58    3.50%  70,000 / 2,000,000 packets  elapsed 0:00:15  ETA 0:06:55
2026-10-05 16:08:59    4.00%  80,000 / 2,000,000 packets  elapsed 0:00:16  ETA 0:06:23
2026-10-05 16:09:00    4.50%  90,000 / 2,000,000 packets  elapsed 0:00:17  ETA 0:05:57
2026-10-05 16:09:01    5.00%  100,000 / 2,000,000 packets  elapsed 0:00:18  ETA 0:05:36
2026-10-05 16:09:01    5.50%  110,000 / 2,000,000 packets  elapsed 0:00:19  ETA 0:05:19
2026-10-05 16:09:02    6.00%  120,000 / 2,000,000 packets  elapsed 0:00:19  ETA 0:05:04
2026-10-05 16:09:03    6.50%  130,000 / 2,000,000 packets  elapsed 0:00:20  ETA 0:04:52
2026-10-05 16:09:04    7.00%  140,000 / 2,000,000 packets  elapsed 0:00:21  ETA 0:04:41
2026-10-05 16:09:05    7.50%  150,000 / 2,000,000 packets  elapsed 0:00:22  ETA 0:04:32
2026-10-05 16:09:06    8.00%  160,000 / 2,000,000 packets  elapsed 0:00:23  ETA 0:04:23
2026-10-05 16:09:07    8.50%  170,000 / 2,000,000 packets  elapsed 0:00:24  ETA 0:04:16
2026-10-05 16:09:08    9.00%  180,000 / 2,000,000 packets  elapsed 0:00:25  ETA 0:04:09
2026-10-05 16:09:08    9.50%  190,000 / 2,000,000 packets  elapsed 0:00:26  ETA 0:04:03
2026-10-05 16:09:09   10.00%  200,000 / 2,000,000 packets  elapsed 0:00:26  ETA 0:03:57
2026-10-05 16:09:10   10.50%  210,000 / 2,000,000 packets  elapsed 0:00:27  ETA 0:03:52
2026-10-05 16:09:11   11.00%  220,000 / 2,000,000 packets  elapsed 0:00:28  ETA 0:03:48
2026-10-05 16:09:12   11.50%  230,000 / 2,000,000 packets  elapsed 0:00:29  ETA 0:03:43
2026-10-05 16:09:13   12.00%  240,000 / 2,000,000 packets  elapsed 0:00:30  ETA 0:03:39
2026-10-05 16:09:14   12.50%  250,000 / 2,000,000 packets  elapsed 0:00:31  ETA 0:03:35
2026-10-05 16:09:14   13.00%  260,000 / 2,000,000 packets  elapsed 0:00:32  ETA 0:03:32
2026-10-05 16:09:15   13.50%  270,000 / 2,000,000 packets  elapsed 0:00:32  ETA 0:03:28
2026-10-05 16:09:16   14.00%  280,000 / 2,000,000 packets  elapsed 0:00:33  ETA 0:03:25
2026-10-05 16:09:17   14.50%  290,000 / 2,000,000 packets  elapsed 0:00:34  ETA 0:03:22
2026-10-05 16:09:18   15.00%  300,000 / 2,000,000 packets  elapsed 0:00:35  ETA 0:03:19
2026-10-05 16:09:19   15.50%  310,000 / 2,000,000 packets  elapsed 0:00:36  ETA 0:03:16
2026-10-05 16:09:20   16.00%  320,000 / 2,000,000 packets  elapsed 0:00:37  ETA 0:03:14
2026-10-05 16:09:21   16.50%  330,000 / 2,000,000 packets  elapsed 0:00:38  ETA 0:03:11
2026-10-05 16:09:22   17.00%  340,000 / 2,000,000 packets  elapsed 0:00:39  ETA 0:03:09
2026-10-05 16:09:22   17.50%  350,000 / 2,000,000 packets  elapsed 0:00:40  ETA 0:03:06
2026-10-05 16:09:23   18.00%  360,000 / 2,000,000 packets  elapsed 0:00:40  ETA 0:03:04
2026-10-05 16:09:24   18.50%  370,000 / 2,000,000 packets  elapsed 0:00:41  ETA 0:03:02
2026-10-05 16:09:25   19.00%  380,000 / 2,000,000 packets  elapsed 0:00:42  ETA 0:03:00
2026-10-05 16:09:26   19.50%  390,000 / 2,000,000 packets  elapsed 0:00:43  ETA 0:02:57
2026-10-05 16:09:27   20.00%  400,000 / 2,000,000 packets  elapsed 0:00:44  ETA 0:02:56
2026-10-05 16:09:28   20.50%  410,000 / 2,000,000 packets  elapsed 0:00:45  ETA 0:02:54
2026-10-05 16:09:28   21.00%  420,000 / 2,000,000 packets  elapsed 0:00:46  ETA 0:02:52
2026-10-05 16:09:29   21.50%  430,000 / 2,000,000 packets  elapsed 0:00:46  ETA 0:02:50
2026-10-05 16:09:30   22.00%  440,000 / 2,000,000 packets  elapsed 0:00:47  ETA 0:02:48
2026-10-05 16:09:31   22.50%  450,000 / 2,000,000 packets  elapsed 0:00:48  ETA 0:02:46
2026-10-05 16:09:32   23.00%  460,000 / 2,000,000 packets  elapsed 0:00:49  ETA 0:02:44
2026-10-05 16:09:33   23.50%  470,000 / 2,000,000 packets  elapsed 0:00:50  ETA 0:02:43
2026-10-05 16:09:34   24.00%  480,000 / 2,000,000 packets  elapsed 0:00:51  ETA 0:02:41
2026-10-05 16:09:35   24.50%  490,000 / 2,000,000 packets  elapsed 0:00:52  ETA 0:02:39
2026-10-05 16:09:35   25.00%  500,000 / 2,000,000 packets  elapsed 0:00:53  ETA 0:02:38
2026-10-05 16:09:36   25.50%  510,000 / 2,000,000 packets  elapsed 0:00:53  ETA 0:02:36
2026-10-05 16:09:37   26.00%  520,000 / 2,000,000 packets  elapsed 0:00:54  ETA 0:02:35
2026-10-05 16:09:38   26.50%  530,000 / 2,000,000 packets  elapsed 0:00:55  ETA 0:02:33
2026-10-05 16:09:39   27.00%  540,000 / 2,000,000 packets  elapsed 0:00:56  ETA 0:02:32
2026-10-05 16:09:40   27.50%  550,000 / 2,000,000 packets  elapsed 0:00:57  ETA 0:02:30
2026-10-05 16:09:41   28.00%  560,000 / 2,000,000 packets  elapsed 0:00:58  ETA 0:02:29
2026-10-05 16:09:42   28.50%  570,000 / 2,000,000 packets  elapsed 0:00:59  ETA 0:02:27
2026-10-05 16:09:42   29.00%  580,000 / 2,000,000 packets  elapsed 0:01:00  ETA 0:02:26
2026-10-05 16:09:43   29.50%  590,000 / 2,000,000 packets  elapsed 0:01:00  ETA 0:02:24
2026-10-05 16:09:44   30.00%  600,000 / 2,000,000 packets  elapsed 0:01:01  ETA 0:02:23
2026-10-05 16:09:45   30.50%  610,000 / 2,000,000 packets  elapsed 0:01:02  ETA 0:02:22
2026-10-05 16:09:46   31.00%  620,000 / 2,000,000 packets  elapsed 0:01:03  ETA 0:02:20
2026-10-05 16:09:47   31.50%  630,000 / 2,000,000 packets  elapsed 0:01:04  ETA 0:02:19
2026-10-05 16:09:48   32.00%  640,000 / 2,000,000 packets  elapsed 0:01:05  ETA 0:02:18
2026-10-05 16:09:49   32.50%  650,000 / 2,000,000 packets  elapsed 0:01:06  ETA 0:02:16
2026-10-05 16:09:49   33.00%  660,000 / 2,000,000 packets  elapsed 0:01:07  ETA 0:02:15
2026-10-05 16:09:50   33.50%  670,000 / 2,000,000 packets  elapsed 0:01:07  ETA 0:02:14
2026-10-05 16:09:51   34.00%  680,000 / 2,000,000 packets  elapsed 0:01:08  ETA 0:02:13
2026-10-05 16:09:52   34.50%  690,000 / 2,000,000 packets  elapsed 0:01:09  ETA 0:02:11
2026-10-05 16:09:53   35.00%  700,000 / 2,000,000 packets  elapsed 0:01:10  ETA 0:02:10
2026-10-05 16:09:54   35.50%  710,000 / 2,000,000 packets  elapsed 0:01:11  ETA 0:02:09
2026-10-05 16:09:55   36.00%  720,000 / 2,000,000 packets  elapsed 0:01:12  ETA 0:02:08
2026-10-05 16:09:56   36.50%  730,000 / 2,000,000 packets  elapsed 0:01:13  ETA 0:02:06
2026-10-05 16:09:56   37.00%  740,000 / 2,000,000 packets  elapsed 0:01:14  ETA 0:02:05
2026-10-05 16:09:57   37.50%  750,000 / 2,000,000 packets  elapsed 0:01:14  ETA 0:02:04
2026-10-05 16:09:58   38.00%  760,000 / 2,000,000 packets  elapsed 0:01:15  ETA 0:02:03
2026-10-05 16:09:59   38.50%  770,000 / 2,000,000 packets  elapsed 0:01:16  ETA 0:02:02
2026-10-05 16:10:00   39.00%  780,000 / 2,000,000 packets  elapsed 0:01:17  ETA 0:02:00
2026-10-05 16:10:01   39.50%  790,000 / 2,000,000 packets  elapsed 0:01:18  ETA 0:01:59
2026-10-05 16:10:02   40.00%  800,000 / 2,000,000 packets  elapsed 0:01:19  ETA 0:01:58
2026-10-05 16:10:02   40.50%  810,000 / 2,000,000 packets  elapsed 0:01:20  ETA 0:01:57
2026-10-05 16:10:03   41.00%  820,000 / 2,000,000 packets  elapsed 0:01:20  ETA 0:01:56
2026-10-05 16:10:04   41.50%  830,000 / 2,000,000 packets  elapsed 0:01:21  ETA 0:01:55
2026-10-05 16:10:05   42.00%  840,000 / 2,000,000 packets  elapsed 0:01:22  ETA 0:01:54
2026-10-05 16:10:06   42.50%  850,000 / 2,000,000 packets  elapsed 0:01:23  ETA 0:01:52
2026-10-05 16:10:07   43.00%  860,000 / 2,000,000 packets  elapsed 0:01:24  ETA 0:01:51
2026-10-05 16:10:08   43.50%  870,000 / 2,000,000 packets  elapsed 0:01:25  ETA 0:01:50
2026-10-05 16:10:09   44.00%  880,000 / 2,000,000 packets  elapsed 0:01:26  ETA 0:01:49
2026-10-05 16:10:09   44.50%  890,000 / 2,000,000 packets  elapsed 0:01:27  ETA 0:01:48
2026-10-05 16:10:10   45.00%  900,000 / 2,000,000 packets  elapsed 0:01:27  ETA 0:01:47
2026-10-05 16:10:11   45.50%  910,000 / 2,000,000 packets  elapsed 0:01:28  ETA 0:01:46
2026-10-05 16:10:12   46.00%  920,000 / 2,000,000 packets  elapsed 0:01:29  ETA 0:01:45
2026-10-05 16:10:13   46.50%  930,000 / 2,000,000 packets  elapsed 0:01:30  ETA 0:01:44
2026-10-05 16:10:14   47.00%  940,000 / 2,000,000 packets  elapsed 0:01:31  ETA 0:01:43
2026-10-05 16:10:15   47.50%  950,000 / 2,000,000 packets  elapsed 0:01:32  ETA 0:01:41
2026-10-05 16:10:16   48.00%  960,000 / 2,000,000 packets  elapsed 0:01:33  ETA 0:01:40
2026-10-05 16:10:16   48.50%  970,000 / 2,000,000 packets  elapsed 0:01:34  ETA 0:01:39
2026-10-05 16:10:17   49.00%  980,000 / 2,000,000 packets  elapsed 0:01:34  ETA 0:01:38
2026-10-05 16:10:18   49.50%  990,000 / 2,000,000 packets  elapsed 0:01:35  ETA 0:01:37
2026-10-05 16:10:19   50.00%  1,000,000 / 2,000,000 packets  elapsed 0:01:36  ETA 0:01:36
2026-10-05 16:10:20   50.50%  1,010,000 / 2,000,000 packets  elapsed 0:01:37  ETA 0:01:35
2026-10-05 16:10:21   51.00%  1,020,000 / 2,000,000 packets  elapsed 0:01:38  ETA 0:01:34
2026-10-05 16:10:22   51.50%  1,030,000 / 2,000,000 packets  elapsed 0:01:39  ETA 0:01:33
2026-10-05 16:10:23   52.00%  1,040,000 / 2,000,000 packets  elapsed 0:01:40  ETA 0:01:32
2026-10-05 16:10:23   52.50%  1,050,000 / 2,000,000 packets  elapsed 0:01:41  ETA 0:01:31
2026-10-05 16:10:24   53.00%  1,060,000 / 2,000,000 packets  elapsed 0:01:41  ETA 0:01:30
2026-10-05 16:10:25   53.50%  1,070,000 / 2,000,000 packets  elapsed 0:01:42  ETA 0:01:29
2026-10-05 16:10:26   54.00%  1,080,000 / 2,000,000 packets  elapsed 0:01:43  ETA 0:01:28
2026-10-05 16:10:27   54.50%  1,090,000 / 2,000,000 packets  elapsed 0:01:44  ETA 0:01:27
2026-10-05 16:10:28   55.00%  1,100,000 / 2,000,000 packets  elapsed 0:01:45  ETA 0:01:26
2026-10-05 16:10:29   55.50%  1,110,000 / 2,000,000 packets  elapsed 0:01:46  ETA 0:01:25
2026-10-05 16:10:29   56.00%  1,120,000 / 2,000,000 packets  elapsed 0:01:47  ETA 0:01:24
2026-10-05 16:10:30   56.50%  1,130,000 / 2,000,000 packets  elapsed 0:01:47  ETA 0:01:23
2026-10-05 16:10:31   57.00%  1,140,000 / 2,000,000 packets  elapsed 0:01:48  ETA 0:01:22
2026-10-05 16:10:32   57.50%  1,150,000 / 2,000,000 packets  elapsed 0:01:49  ETA 0:01:21
2026-10-05 16:10:33   58.00%  1,160,000 / 2,000,000 packets  elapsed 0:01:50  ETA 0:01:20
2026-10-05 16:10:34   58.50%  1,170,000 / 2,000,000 packets  elapsed 0:01:51  ETA 0:01:19
2026-10-05 16:10:35   59.00%  1,180,000 / 2,000,000 packets  elapsed 0:01:52  ETA 0:01:18
2026-10-05 16:10:36   59.50%  1,190,000 / 2,000,000 packets  elapsed 0:01:53  ETA 0:01:17
2026-10-05 16:10:36   60.00%  1,200,000 / 2,000,000 packets  elapsed 0:01:54  ETA 0:01:16
2026-10-05 16:10:37   60.50%  1,210,000 / 2,000,000 packets  elapsed 0:01:54  ETA 0:01:15
2026-10-05 16:10:38   61.00%  1,220,000 / 2,000,000 packets  elapsed 0:01:55  ETA 0:01:14
2026-10-05 16:10:39   61.50%  1,230,000 / 2,000,000 packets  elapsed 0:01:56  ETA 0:01:13
2026-10-05 16:10:40   62.00%  1,240,000 / 2,000,000 packets  elapsed 0:01:57  ETA 0:01:12
2026-10-05 16:10:41   62.50%  1,250,000 / 2,000,000 packets  elapsed 0:01:58  ETA 0:01:11
2026-10-05 16:10:42   63.00%  1,260,000 / 2,000,000 packets  elapsed 0:01:59  ETA 0:01:10
2026-10-05 16:10:43   63.50%  1,270,000 / 2,000,000 packets  elapsed 0:02:00  ETA 0:01:09
2026-10-05 16:10:43   64.00%  1,280,000 / 2,000,000 packets  elapsed 0:02:01  ETA 0:01:08
2026-10-05 16:10:44   64.50%  1,290,000 / 2,000,000 packets  elapsed 0:02:01  ETA 0:01:07
2026-10-05 16:10:45   65.00%  1,300,000 / 2,000,000 packets  elapsed 0:02:02  ETA 0:01:06
2026-10-05 16:10:46   65.50%  1,310,000 / 2,000,000 packets  elapsed 0:02:03  ETA 0:01:05
2026-10-05 16:10:47   66.00%  1,320,000 / 2,000,000 packets  elapsed 0:02:04  ETA 0:01:04
2026-10-05 16:10:48   66.50%  1,330,000 / 2,000,000 packets  elapsed 0:02:05  ETA 0:01:03
2026-10-05 16:10:49   67.00%  1,340,000 / 2,000,000 packets  elapsed 0:02:06  ETA 0:01:02
2026-10-05 16:10:49   67.50%  1,350,000 / 2,000,000 packets  elapsed 0:02:07  ETA 0:01:01
2026-10-05 16:10:50   68.00%  1,360,000 / 2,000,000 packets  elapsed 0:02:07  ETA 0:01:00
2026-10-05 16:10:51   68.50%  1,370,000 / 2,000,000 packets  elapsed 0:02:08  ETA 0:00:59
2026-10-05 16:10:52   69.00%  1,380,000 / 2,000,000 packets  elapsed 0:02:09  ETA 0:00:58
2026-10-05 16:10:53   69.50%  1,390,000 / 2,000,000 packets  elapsed 0:02:10  ETA 0:00:57
2026-10-05 16:10:54   70.00%  1,400,000 / 2,000,000 packets  elapsed 0:02:11  ETA 0:00:56
2026-10-05 16:10:55   70.50%  1,410,000 / 2,000,000 packets  elapsed 0:02:12  ETA 0:00:55
2026-10-05 16:10:56   71.00%  1,420,000 / 2,000,000 packets  elapsed 0:02:13  ETA 0:00:54
2026-10-05 16:10:56   71.50%  1,430,000 / 2,000,000 packets  elapsed 0:02:14  ETA 0:00:53
2026-10-05 16:10:57   72.00%  1,440,000 / 2,000,000 packets  elapsed 0:02:14  ETA 0:00:52
2026-10-05 16:10:58   72.50%  1,450,000 / 2,000,000 packets  elapsed 0:02:15  ETA 0:00:51
2026-10-05 16:10:59   73.00%  1,460,000 / 2,000,000 packets  elapsed 0:02:16  ETA 0:00:50
2026-10-05 16:11:00   73.50%  1,470,000 / 2,000,000 packets  elapsed 0:02:17  ETA 0:00:49
2026-10-05 16:11:01   74.00%  1,480,000 / 2,000,000 packets  elapsed 0:02:18  ETA 0:00:48
2026-10-05 16:11:02   74.50%  1,490,000 / 2,000,000 packets  elapsed 0:02:19  ETA 0:00:48
2026-10-05 16:11:03   75.00%  1,500,000 / 2,000,000 packets  elapsed 0:02:20  ETA 0:00:47
2026-10-05 16:11:03   75.50%  1,510,000 / 2,000,000 packets  elapsed 0:02:21  ETA 0:00:46
2026-10-05 16:11:04   76.00%  1,520,000 / 2,000,000 packets  elapsed 0:02:21  ETA 0:00:45
2026-10-05 16:11:05   76.50%  1,530,000 / 2,000,000 packets  elapsed 0:02:22  ETA 0:00:44
2026-10-05 16:11:06   77.00%  1,540,000 / 2,000,000 packets  elapsed 0:02:23  ETA 0:00:43
2026-10-05 16:11:07   77.50%  1,550,000 / 2,000,000 packets  elapsed 0:02:24  ETA 0:00:42
2026-10-05 16:11:08   78.00%  1,560,000 / 2,000,000 packets  elapsed 0:02:25  ETA 0:00:41
2026-10-05 16:11:09   78.50%  1,570,000 / 2,000,000 packets  elapsed 0:02:26  ETA 0:00:40
2026-10-05 16:11:09   79.00%  1,580,000 / 2,000,000 packets  elapsed 0:02:27  ETA 0:00:39
2026-10-05 16:11:10   79.50%  1,590,000 / 2,000,000 packets  elapsed 0:02:27  ETA 0:00:38
2026-10-05 16:11:11   80.00%  1,600,000 / 2,000,000 packets  elapsed 0:02:28  ETA 0:00:37
2026-10-05 16:11:12   80.50%  1,610,000 / 2,000,000 packets  elapsed 0:02:29  ETA 0:00:36
2026-10-05 16:11:13   81.00%  1,620,000 / 2,000,000 packets  elapsed 0:02:30  ETA 0:00:35
2026-10-05 16:11:14   81.50%  1,630,000 / 2,000,000 packets  elapsed 0:02:31  ETA 0:00:34
2026-10-05 16:11:15   82.00%  1,640,000 / 2,000,000 packets  elapsed 0:02:32  ETA 0:00:33
2026-10-05 16:11:16   82.50%  1,650,000 / 2,000,000 packets  elapsed 0:02:33  ETA 0:00:32
2026-10-05 16:11:16   83.00%  1,660,000 / 2,000,000 packets  elapsed 0:02:34  ETA 0:00:31
2026-10-05 16:11:17   83.50%  1,670,000 / 2,000,000 packets  elapsed 0:02:34  ETA 0:00:31
2026-10-05 16:11:18   84.00%  1,680,000 / 2,000,000 packets  elapsed 0:02:35  ETA 0:00:30
2026-10-05 16:11:19   84.50%  1,690,000 / 2,000,000 packets  elapsed 0:02:36  ETA 0:00:29
2026-10-05 16:11:20   85.00%  1,700,000 / 2,000,000 packets  elapsed 0:02:37  ETA 0:00:28
2026-10-05 16:11:21   85.50%  1,710,000 / 2,000,000 packets  elapsed 0:02:38  ETA 0:00:27
2026-10-05 16:11:22   86.00%  1,720,000 / 2,000,000 packets  elapsed 0:02:39  ETA 0:00:26
2026-10-05 16:11:23   86.50%  1,730,000 / 2,000,000 packets  elapsed 0:02:40  ETA 0:00:25
2026-10-05 16:11:23   87.00%  1,740,000 / 2,000,000 packets  elapsed 0:02:41  ETA 0:00:24
2026-10-05 16:11:24   87.50%  1,750,000 / 2,000,000 packets  elapsed 0:02:41  ETA 0:00:23
2026-10-05 16:11:25   88.00%  1,760,000 / 2,000,000 packets  elapsed 0:02:42  ETA 0:00:22
2026-10-05 16:11:26   88.50%  1,770,000 / 2,000,000 packets  elapsed 0:02:43  ETA 0:00:21
2026-10-05 16:11:27   89.00%  1,780,000 / 2,000,000 packets  elapsed 0:02:44  ETA 0:00:20
2026-10-05 16:11:28   89.50%  1,790,000 / 2,000,000 packets  elapsed 0:02:45  ETA 0:00:19
2026-10-05 16:11:29   90.00%  1,800,000 / 2,000,000 packets  elapsed 0:02:46  ETA 0:00:18
2026-10-05 16:11:29   90.50%  1,810,000 / 2,000,000 packets  elapsed 0:02:47  ETA 0:00:17
2026-10-05 16:11:30   91.00%  1,820,000 / 2,000,000 packets  elapsed 0:02:48  ETA 0:00:17
2026-10-05 16:11:31   91.50%  1,830,000 / 2,000,000 packets  elapsed 0:02:48  ETA 0:00:16
2026-10-05 16:11:32   92.00%  1,840,000 / 2,000,000 packets  elapsed 0:02:49  ETA 0:00:15
2026-10-05 16:11:33   92.50%  1,850,000 / 2,000,000 packets  elapsed 0:02:50  ETA 0:00:14
2026-10-05 16:11:34   93.00%  1,860,000 / 2,000,000 packets  elapsed 0:02:51  ETA 0:00:13
2026-10-05 16:11:35   93.50%  1,870,000 / 2,000,000 packets  elapsed 0:02:52  ETA 0:00:12
2026-10-05 16:11:36   94.00%  1,880,000 / 2,000,000 packets  elapsed 0:02:53  ETA 0:00:11
2026-10-05 16:11:36   94.50%  1,890,000 / 2,000,000 packets  elapsed 0:02:54  ETA 0:00:10
2026-10-05 16:11:37   95.00%  1,900,000 / 2,000,000 packets  elapsed 0:02:54  ETA 0:00:09
2026-10-05 16:11:38   95.50%  1,910,000 / 2,000,000 packets  elapsed 0:02:55  ETA 0:00:08
2026-10-05 16:11:39   96.00%  1,920,000 / 2,000,000 packets  elapsed 0:02:56  ETA 0:00:07
2026-10-05 16:11:40   96.50%  1,930,000 / 2,000,000 packets  elapsed 0:02:57  ETA 0:00:06
2026-10-05 16:11:41   97.00%  1,940,000 / 2,000,000 packets  elapsed 0:02:58  ETA 0:00:06
2026-10-05 16:11:42   97.50%  1,950,000 / 2,000,000 packets  elapsed 0:02:59  ETA 0:00:05
2026-10-05 16:11:43   98.00%  1,960,000 / 2,000,000 packets  elapsed 0:03:00  ETA 0:00:04
2026-10-05 16:11:43   98.50%  1,970,000 / 2,000,000 packets  elapsed 0:03:01  ETA 0:00:03
2026-10-05 16:11:44   99.00%  1,980,000 / 2,000,000 packets  elapsed 0:03:01  ETA 0:00:02
2026-10-05 16:11:45   99.50%  1,990,000 / 2,000,000 packets  elapsed 0:03:02  ETA 0:00:01
2026-10-05 16:11:46  100.00%  2,000,000 / 2,000,000 packets  elapsed 0:03:03  ETA 0:00:00
Simulation wall time: 183.2 s
Transport terminal states:
  active: 0
  reached the observer plane: 1,991,271
  escaped through the outer transport boundary: 0
  absorbed: 8,729
  reached the numerical interaction safety limit: 0
  energy lies outside the dust table: 0
  position or photon four-momentum is invalid: 0
Analog interactions/scatterings: 28,306 / 19,577
Scored/binned observer fluence [ph cm^-2]: 10.18174 / 10.1746
Saved outputs/dsh_image.png
Total run time: 188.8 s
Finished Mon Oct  5 16:11:49 +03 2026, elapsed 195 s
