Job 4016339 on gpu01, started Mon Oct  5 16:34:49 +03 2026, DEVICE=gpu
JAX device: cuda:0 (Tesla V100-PCIE-32GB)
Energy bands: 2.25-3.15 keV
Cloud: clouds/4u1630_NH_111111111100001_DSH_11p5kpc.fits
Cloud shape (z, y, x): (1149, 53, 49)
Simulated source fluence: 6428166 ph cm^-2
Progress log: logs/progress.log
2026-10-05 16:35:07    0.50%  10,000 / 2,000,000 packets  elapsed 0:00:10  ETA 0:32:16
2026-10-05 16:35:08    1.00%  20,000 / 2,000,000 packets  elapsed 0:00:10  ETA 0:17:18
2026-10-05 16:35:09    1.50%  30,000 / 2,000,000 packets  elapsed 0:00:11  ETA 0:12:14
2026-10-05 16:35:10    2.00%  40,000 / 2,000,000 packets  elapsed 0:00:12  ETA 0:09:42
2026-10-05 16:35:10    2.50%  50,000 / 2,000,000 packets  elapsed 0:00:13  ETA 0:08:10
2026-10-05 16:35:11    3.00%  60,000 / 2,000,000 packets  elapsed 0:00:13  ETA 0:07:09
2026-10-05 16:35:12    3.50%  70,000 / 2,000,000 packets  elapsed 0:00:14  ETA 0:06:25
2026-10-05 16:35:12    4.00%  80,000 / 2,000,000 packets  elapsed 0:00:15  ETA 0:05:52
2026-10-05 16:35:13    4.50%  90,000 / 2,000,000 packets  elapsed 0:00:15  ETA 0:05:26
2026-10-05 16:35:14    5.00%  100,000 / 2,000,000 packets  elapsed 0:00:16  ETA 0:05:05
2026-10-05 16:35:14    5.50%  110,000 / 2,000,000 packets  elapsed 0:00:17  ETA 0:04:48
2026-10-05 16:35:15    6.00%  120,000 / 2,000,000 packets  elapsed 0:00:17  ETA 0:04:33
2026-10-05 16:35:16    6.50%  130,000 / 2,000,000 packets  elapsed 0:00:18  ETA 0:04:21
2026-10-05 16:35:16    7.00%  140,000 / 2,000,000 packets  elapsed 0:00:19  ETA 0:04:10
2026-10-05 16:35:17    7.50%  150,000 / 2,000,000 packets  elapsed 0:00:20  ETA 0:04:01
2026-10-05 16:35:18    8.00%  160,000 / 2,000,000 packets  elapsed 0:00:20  ETA 0:03:53
2026-10-05 16:35:19    8.50%  170,000 / 2,000,000 packets  elapsed 0:00:21  ETA 0:03:45
2026-10-05 16:35:19    9.00%  180,000 / 2,000,000 packets  elapsed 0:00:22  ETA 0:03:39
2026-10-05 16:35:20    9.50%  190,000 / 2,000,000 packets  elapsed 0:00:22  ETA 0:03:32
2026-10-05 16:35:21   10.00%  200,000 / 2,000,000 packets  elapsed 0:00:23  ETA 0:03:27
2026-10-05 16:35:21   10.50%  210,000 / 2,000,000 packets  elapsed 0:00:24  ETA 0:03:22
2026-10-05 16:35:22   11.00%  220,000 / 2,000,000 packets  elapsed 0:00:24  ETA 0:03:17
2026-10-05 16:35:23   11.50%  230,000 / 2,000,000 packets  elapsed 0:00:25  ETA 0:03:13
2026-10-05 16:35:23   12.00%  240,000 / 2,000,000 packets  elapsed 0:00:26  ETA 0:03:09
2026-10-05 16:35:24   12.50%  250,000 / 2,000,000 packets  elapsed 0:00:27  ETA 0:03:06
2026-10-05 16:35:25   13.00%  260,000 / 2,000,000 packets  elapsed 0:00:27  ETA 0:03:02
2026-10-05 16:35:26   13.50%  270,000 / 2,000,000 packets  elapsed 0:00:28  ETA 0:02:59
2026-10-05 16:35:26   14.00%  280,000 / 2,000,000 packets  elapsed 0:00:29  ETA 0:02:56
2026-10-05 16:35:27   14.50%  290,000 / 2,000,000 packets  elapsed 0:00:29  ETA 0:02:53
2026-10-05 16:35:28   15.00%  300,000 / 2,000,000 packets  elapsed 0:00:30  ETA 0:02:50
2026-10-05 16:35:28   15.50%  310,000 / 2,000,000 packets  elapsed 0:00:31  ETA 0:02:48
2026-10-05 16:35:29   16.00%  320,000 / 2,000,000 packets  elapsed 0:00:31  ETA 0:02:45
2026-10-05 16:35:30   16.50%  330,000 / 2,000,000 packets  elapsed 0:00:32  ETA 0:02:43
2026-10-05 16:35:30   17.00%  340,000 / 2,000,000 packets  elapsed 0:00:33  ETA 0:02:40
2026-10-05 16:35:31   17.50%  350,000 / 2,000,000 packets  elapsed 0:00:34  ETA 0:02:38
2026-10-05 16:35:32   18.00%  360,000 / 2,000,000 packets  elapsed 0:00:34  ETA 0:02:36
2026-10-05 16:35:33   18.50%  370,000 / 2,000,000 packets  elapsed 0:00:35  ETA 0:02:34
2026-10-05 16:35:33   19.00%  380,000 / 2,000,000 packets  elapsed 0:00:36  ETA 0:02:32
2026-10-05 16:35:34   19.50%  390,000 / 2,000,000 packets  elapsed 0:00:36  ETA 0:02:30
2026-10-05 16:35:35   20.00%  400,000 / 2,000,000 packets  elapsed 0:00:37  ETA 0:02:28
2026-10-05 16:35:35   20.50%  410,000 / 2,000,000 packets  elapsed 0:00:38  ETA 0:02:26
2026-10-05 16:35:36   21.00%  420,000 / 2,000,000 packets  elapsed 0:00:38  ETA 0:02:24
2026-10-05 16:35:37   21.50%  430,000 / 2,000,000 packets  elapsed 0:00:39  ETA 0:02:23
2026-10-05 16:35:37   22.00%  440,000 / 2,000,000 packets  elapsed 0:00:40  ETA 0:02:21
2026-10-05 16:35:38   22.50%  450,000 / 2,000,000 packets  elapsed 0:00:40  ETA 0:02:19
2026-10-05 16:35:39   23.00%  460,000 / 2,000,000 packets  elapsed 0:00:41  ETA 0:02:18
2026-10-05 16:35:40   23.50%  470,000 / 2,000,000 packets  elapsed 0:00:42  ETA 0:02:16
2026-10-05 16:35:40   24.00%  480,000 / 2,000,000 packets  elapsed 0:00:43  ETA 0:02:15
2026-10-05 16:35:41   24.50%  490,000 / 2,000,000 packets  elapsed 0:00:43  ETA 0:02:13
2026-10-05 16:35:42   25.00%  500,000 / 2,000,000 packets  elapsed 0:00:44  ETA 0:02:12
2026-10-05 16:35:42   25.50%  510,000 / 2,000,000 packets  elapsed 0:00:45  ETA 0:02:10
2026-10-05 16:35:43   26.00%  520,000 / 2,000,000 packets  elapsed 0:00:45  ETA 0:02:09
2026-10-05 16:35:44   26.50%  530,000 / 2,000,000 packets  elapsed 0:00:46  ETA 0:02:08
2026-10-05 16:35:44   27.00%  540,000 / 2,000,000 packets  elapsed 0:00:47  ETA 0:02:06
2026-10-05 16:35:45   27.50%  550,000 / 2,000,000 packets  elapsed 0:00:47  ETA 0:02:05
2026-10-05 16:35:46   28.00%  560,000 / 2,000,000 packets  elapsed 0:00:48  ETA 0:02:04
2026-10-05 16:35:46   28.50%  570,000 / 2,000,000 packets  elapsed 0:00:49  ETA 0:02:02
2026-10-05 16:35:47   29.00%  580,000 / 2,000,000 packets  elapsed 0:00:50  ETA 0:02:01
2026-10-05 16:35:48   29.50%  590,000 / 2,000,000 packets  elapsed 0:00:50  ETA 0:02:00
2026-10-05 16:35:49   30.00%  600,000 / 2,000,000 packets  elapsed 0:00:51  ETA 0:01:59
2026-10-05 16:35:49   30.50%  610,000 / 2,000,000 packets  elapsed 0:00:52  ETA 0:01:58
2026-10-05 16:35:50   31.00%  620,000 / 2,000,000 packets  elapsed 0:00:52  ETA 0:01:56
2026-10-05 16:35:51   31.50%  630,000 / 2,000,000 packets  elapsed 0:00:53  ETA 0:01:55
2026-10-05 16:35:51   32.00%  640,000 / 2,000,000 packets  elapsed 0:00:54  ETA 0:01:54
2026-10-05 16:35:52   32.50%  650,000 / 2,000,000 packets  elapsed 0:00:54  ETA 0:01:53
2026-10-05 16:35:53   33.00%  660,000 / 2,000,000 packets  elapsed 0:00:55  ETA 0:01:52
2026-10-05 16:35:53   33.50%  670,000 / 2,000,000 packets  elapsed 0:00:56  ETA 0:01:51
2026-10-05 16:35:54   34.00%  680,000 / 2,000,000 packets  elapsed 0:00:56  ETA 0:01:50
2026-10-05 16:35:55   34.50%  690,000 / 2,000,000 packets  elapsed 0:00:57  ETA 0:01:49
2026-10-05 16:35:56   35.00%  700,000 / 2,000,000 packets  elapsed 0:00:58  ETA 0:01:47
2026-10-05 16:35:56   35.50%  710,000 / 2,000,000 packets  elapsed 0:00:59  ETA 0:01:47
2026-10-05 16:35:57   36.00%  720,000 / 2,000,000 packets  elapsed 0:00:59  ETA 0:01:45
2026-10-05 16:35:58   36.50%  730,000 / 2,000,000 packets  elapsed 0:01:00  ETA 0:01:44
2026-10-05 16:35:58   37.00%  740,000 / 2,000,000 packets  elapsed 0:01:01  ETA 0:01:43
2026-10-05 16:35:59   37.50%  750,000 / 2,000,000 packets  elapsed 0:01:01  ETA 0:01:42
2026-10-05 16:36:00   38.00%  760,000 / 2,000,000 packets  elapsed 0:01:02  ETA 0:01:41
2026-10-05 16:36:00   38.50%  770,000 / 2,000,000 packets  elapsed 0:01:03  ETA 0:01:40
2026-10-05 16:36:01   39.00%  780,000 / 2,000,000 packets  elapsed 0:01:04  ETA 0:01:39
2026-10-05 16:36:02   39.50%  790,000 / 2,000,000 packets  elapsed 0:01:04  ETA 0:01:38
2026-10-05 16:36:03   40.00%  800,000 / 2,000,000 packets  elapsed 0:01:05  ETA 0:01:37
2026-10-05 16:36:03   40.50%  810,000 / 2,000,000 packets  elapsed 0:01:06  ETA 0:01:36
2026-10-05 16:36:04   41.00%  820,000 / 2,000,000 packets  elapsed 0:01:06  ETA 0:01:35
2026-10-05 16:36:05   41.50%  830,000 / 2,000,000 packets  elapsed 0:01:07  ETA 0:01:34
2026-10-05 16:36:05   42.00%  840,000 / 2,000,000 packets  elapsed 0:01:08  ETA 0:01:33
2026-10-05 16:36:06   42.50%  850,000 / 2,000,000 packets  elapsed 0:01:08  ETA 0:01:33
2026-10-05 16:36:07   43.00%  860,000 / 2,000,000 packets  elapsed 0:01:09  ETA 0:01:32
2026-10-05 16:36:07   43.50%  870,000 / 2,000,000 packets  elapsed 0:01:10  ETA 0:01:31
2026-10-05 16:36:08   44.00%  880,000 / 2,000,000 packets  elapsed 0:01:10  ETA 0:01:30
2026-10-05 16:36:09   44.50%  890,000 / 2,000,000 packets  elapsed 0:01:11  ETA 0:01:29
2026-10-05 16:36:10   45.00%  900,000 / 2,000,000 packets  elapsed 0:01:12  ETA 0:01:28
2026-10-05 16:36:10   45.50%  910,000 / 2,000,000 packets  elapsed 0:01:13  ETA 0:01:27
2026-10-05 16:36:11   46.00%  920,000 / 2,000,000 packets  elapsed 0:01:13  ETA 0:01:26
2026-10-05 16:36:12   46.50%  930,000 / 2,000,000 packets  elapsed 0:01:14  ETA 0:01:25
2026-10-05 16:36:12   47.00%  940,000 / 2,000,000 packets  elapsed 0:01:15  ETA 0:01:24
2026-10-05 16:36:13   47.50%  950,000 / 2,000,000 packets  elapsed 0:01:15  ETA 0:01:23
2026-10-05 16:36:14   48.00%  960,000 / 2,000,000 packets  elapsed 0:01:16  ETA 0:01:22
2026-10-05 16:36:14   48.50%  970,000 / 2,000,000 packets  elapsed 0:01:17  ETA 0:01:21
2026-10-05 16:36:15   49.00%  980,000 / 2,000,000 packets  elapsed 0:01:17  ETA 0:01:21
2026-10-05 16:36:16   49.50%  990,000 / 2,000,000 packets  elapsed 0:01:18  ETA 0:01:20
2026-10-05 16:36:16   50.00%  1,000,000 / 2,000,000 packets  elapsed 0:01:19  ETA 0:01:19
2026-10-05 16:36:17   50.50%  1,010,000 / 2,000,000 packets  elapsed 0:01:20  ETA 0:01:18
2026-10-05 16:36:18   51.00%  1,020,000 / 2,000,000 packets  elapsed 0:01:20  ETA 0:01:17
2026-10-05 16:36:19   51.50%  1,030,000 / 2,000,000 packets  elapsed 0:01:21  ETA 0:01:16
2026-10-05 16:36:19   52.00%  1,040,000 / 2,000,000 packets  elapsed 0:01:22  ETA 0:01:15
2026-10-05 16:36:20   52.50%  1,050,000 / 2,000,000 packets  elapsed 0:01:22  ETA 0:01:14
2026-10-05 16:36:21   53.00%  1,060,000 / 2,000,000 packets  elapsed 0:01:23  ETA 0:01:14
2026-10-05 16:36:21   53.50%  1,070,000 / 2,000,000 packets  elapsed 0:01:24  ETA 0:01:13
2026-10-05 16:36:22   54.00%  1,080,000 / 2,000,000 packets  elapsed 0:01:24  ETA 0:01:12
2026-10-05 16:36:23   54.50%  1,090,000 / 2,000,000 packets  elapsed 0:01:25  ETA 0:01:11
2026-10-05 16:36:23   55.00%  1,100,000 / 2,000,000 packets  elapsed 0:01:26  ETA 0:01:10
2026-10-05 16:36:24   55.50%  1,110,000 / 2,000,000 packets  elapsed 0:01:26  ETA 0:01:09
2026-10-05 16:36:25   56.00%  1,120,000 / 2,000,000 packets  elapsed 0:01:27  ETA 0:01:08
2026-10-05 16:36:26   56.50%  1,130,000 / 2,000,000 packets  elapsed 0:01:28  ETA 0:01:08
2026-10-05 16:36:26   57.00%  1,140,000 / 2,000,000 packets  elapsed 0:01:29  ETA 0:01:07
2026-10-05 16:36:27   57.50%  1,150,000 / 2,000,000 packets  elapsed 0:01:29  ETA 0:01:06
2026-10-05 16:36:28   58.00%  1,160,000 / 2,000,000 packets  elapsed 0:01:30  ETA 0:01:05
2026-10-05 16:36:28   58.50%  1,170,000 / 2,000,000 packets  elapsed 0:01:31  ETA 0:01:04
2026-10-05 16:36:29   59.00%  1,180,000 / 2,000,000 packets  elapsed 0:01:31  ETA 0:01:03
2026-10-05 16:36:30   59.50%  1,190,000 / 2,000,000 packets  elapsed 0:01:32  ETA 0:01:03
2026-10-05 16:36:30   60.00%  1,200,000 / 2,000,000 packets  elapsed 0:01:33  ETA 0:01:02
2026-10-05 16:36:31   60.50%  1,210,000 / 2,000,000 packets  elapsed 0:01:33  ETA 0:01:01
2026-10-05 16:36:32   61.00%  1,220,000 / 2,000,000 packets  elapsed 0:01:34  ETA 0:01:00
2026-10-05 16:36:32   61.50%  1,230,000 / 2,000,000 packets  elapsed 0:01:35  ETA 0:00:59
2026-10-05 16:36:33   62.00%  1,240,000 / 2,000,000 packets  elapsed 0:01:36  ETA 0:00:59
2026-10-05 16:36:34   62.50%  1,250,000 / 2,000,000 packets  elapsed 0:01:36  ETA 0:00:58
2026-10-05 16:36:35   63.00%  1,260,000 / 2,000,000 packets  elapsed 0:01:37  ETA 0:00:57
2026-10-05 16:36:35   63.50%  1,270,000 / 2,000,000 packets  elapsed 0:01:38  ETA 0:00:56
2026-10-05 16:36:36   64.00%  1,280,000 / 2,000,000 packets  elapsed 0:01:38  ETA 0:00:55
2026-10-05 16:36:37   64.50%  1,290,000 / 2,000,000 packets  elapsed 0:01:39  ETA 0:00:54
2026-10-05 16:36:37   65.00%  1,300,000 / 2,000,000 packets  elapsed 0:01:40  ETA 0:00:54
2026-10-05 16:36:38   65.50%  1,310,000 / 2,000,000 packets  elapsed 0:01:40  ETA 0:00:53
2026-10-05 16:36:39   66.00%  1,320,000 / 2,000,000 packets  elapsed 0:01:41  ETA 0:00:52
2026-10-05 16:36:39   66.50%  1,330,000 / 2,000,000 packets  elapsed 0:01:42  ETA 0:00:51
2026-10-05 16:36:40   67.00%  1,340,000 / 2,000,000 packets  elapsed 0:01:42  ETA 0:00:50
2026-10-05 16:36:41   67.50%  1,350,000 / 2,000,000 packets  elapsed 0:01:43  ETA 0:00:50
2026-10-05 16:36:42   68.00%  1,360,000 / 2,000,000 packets  elapsed 0:01:44  ETA 0:00:49
2026-10-05 16:36:42   68.50%  1,370,000 / 2,000,000 packets  elapsed 0:01:45  ETA 0:00:48
2026-10-05 16:36:43   69.00%  1,380,000 / 2,000,000 packets  elapsed 0:01:45  ETA 0:00:47
2026-10-05 16:36:44   69.50%  1,390,000 / 2,000,000 packets  elapsed 0:01:46  ETA 0:00:46
2026-10-05 16:36:44   70.00%  1,400,000 / 2,000,000 packets  elapsed 0:01:47  ETA 0:00:46
2026-10-05 16:36:45   70.50%  1,410,000 / 2,000,000 packets  elapsed 0:01:47  ETA 0:00:45
2026-10-05 16:36:46   71.00%  1,420,000 / 2,000,000 packets  elapsed 0:01:48  ETA 0:00:44
2026-10-05 16:36:46   71.50%  1,430,000 / 2,000,000 packets  elapsed 0:01:49  ETA 0:00:43
2026-10-05 16:36:47   72.00%  1,440,000 / 2,000,000 packets  elapsed 0:01:49  ETA 0:00:43
2026-10-05 16:36:48   72.50%  1,450,000 / 2,000,000 packets  elapsed 0:01:50  ETA 0:00:42
2026-10-05 16:36:48   73.00%  1,460,000 / 2,000,000 packets  elapsed 0:01:51  ETA 0:00:41
2026-10-05 16:36:49   73.50%  1,470,000 / 2,000,000 packets  elapsed 0:01:51  ETA 0:00:40
2026-10-05 16:36:50   74.00%  1,480,000 / 2,000,000 packets  elapsed 0:01:52  ETA 0:00:39
2026-10-05 16:36:51   74.50%  1,490,000 / 2,000,000 packets  elapsed 0:01:53  ETA 0:00:39
2026-10-05 16:36:51   75.00%  1,500,000 / 2,000,000 packets  elapsed 0:01:54  ETA 0:00:38
2026-10-05 16:36:52   75.50%  1,510,000 / 2,000,000 packets  elapsed 0:01:54  ETA 0:00:37
2026-10-05 16:36:53   76.00%  1,520,000 / 2,000,000 packets  elapsed 0:01:55  ETA 0:00:36
2026-10-05 16:36:53   76.50%  1,530,000 / 2,000,000 packets  elapsed 0:01:56  ETA 0:00:36
2026-10-05 16:36:54   77.00%  1,540,000 / 2,000,000 packets  elapsed 0:01:56  ETA 0:00:35
2026-10-05 16:36:55   77.50%  1,550,000 / 2,000,000 packets  elapsed 0:01:57  ETA 0:00:34
2026-10-05 16:36:55   78.00%  1,560,000 / 2,000,000 packets  elapsed 0:01:58  ETA 0:00:33
2026-10-05 16:36:56   78.50%  1,570,000 / 2,000,000 packets  elapsed 0:01:58  ETA 0:00:32
2026-10-05 16:36:57   79.00%  1,580,000 / 2,000,000 packets  elapsed 0:01:59  ETA 0:00:32
2026-10-05 16:36:58   79.50%  1,590,000 / 2,000,000 packets  elapsed 0:02:00  ETA 0:00:31
2026-10-05 16:36:58   80.00%  1,600,000 / 2,000,000 packets  elapsed 0:02:01  ETA 0:00:30
2026-10-05 16:36:59   80.50%  1,610,000 / 2,000,000 packets  elapsed 0:02:01  ETA 0:00:29
2026-10-05 16:37:00   81.00%  1,620,000 / 2,000,000 packets  elapsed 0:02:02  ETA 0:00:29
2026-10-05 16:37:00   81.50%  1,630,000 / 2,000,000 packets  elapsed 0:02:03  ETA 0:00:28
2026-10-05 16:37:01   82.00%  1,640,000 / 2,000,000 packets  elapsed 0:02:03  ETA 0:00:27
2026-10-05 16:37:02   82.50%  1,650,000 / 2,000,000 packets  elapsed 0:02:04  ETA 0:00:26
2026-10-05 16:37:02   83.00%  1,660,000 / 2,000,000 packets  elapsed 0:02:05  ETA 0:00:26
2026-10-05 16:37:03   83.50%  1,670,000 / 2,000,000 packets  elapsed 0:02:05  ETA 0:00:25
2026-10-05 16:37:04   84.00%  1,680,000 / 2,000,000 packets  elapsed 0:02:06  ETA 0:00:24
2026-10-05 16:37:04   84.50%  1,690,000 / 2,000,000 packets  elapsed 0:02:07  ETA 0:00:23
2026-10-05 16:37:05   85.00%  1,700,000 / 2,000,000 packets  elapsed 0:02:07  ETA 0:00:22
2026-10-05 16:37:06   85.50%  1,710,000 / 2,000,000 packets  elapsed 0:02:08  ETA 0:00:22
2026-10-05 16:37:07   86.00%  1,720,000 / 2,000,000 packets  elapsed 0:02:09  ETA 0:00:21
2026-10-05 16:37:07   86.50%  1,730,000 / 2,000,000 packets  elapsed 0:02:10  ETA 0:00:20
2026-10-05 16:37:08   87.00%  1,740,000 / 2,000,000 packets  elapsed 0:02:10  ETA 0:00:19
2026-10-05 16:37:09   87.50%  1,750,000 / 2,000,000 packets  elapsed 0:02:11  ETA 0:00:19
2026-10-05 16:37:09   88.00%  1,760,000 / 2,000,000 packets  elapsed 0:02:12  ETA 0:00:18
2026-10-05 16:37:10   88.50%  1,770,000 / 2,000,000 packets  elapsed 0:02:12  ETA 0:00:17
2026-10-05 16:37:11   89.00%  1,780,000 / 2,000,000 packets  elapsed 0:02:13  ETA 0:00:16
2026-10-05 16:37:11   89.50%  1,790,000 / 2,000,000 packets  elapsed 0:02:14  ETA 0:00:16
2026-10-05 16:37:12   90.00%  1,800,000 / 2,000,000 packets  elapsed 0:02:14  ETA 0:00:15
2026-10-05 16:37:13   90.50%  1,810,000 / 2,000,000 packets  elapsed 0:02:15  ETA 0:00:14
2026-10-05 16:37:13   91.00%  1,820,000 / 2,000,000 packets  elapsed 0:02:16  ETA 0:00:13
2026-10-05 16:37:14   91.50%  1,830,000 / 2,000,000 packets  elapsed 0:02:17  ETA 0:00:13
2026-10-05 16:37:15   92.00%  1,840,000 / 2,000,000 packets  elapsed 0:02:17  ETA 0:00:12
2026-10-05 16:37:16   92.50%  1,850,000 / 2,000,000 packets  elapsed 0:02:18  ETA 0:00:11
2026-10-05 16:37:16   93.00%  1,860,000 / 2,000,000 packets  elapsed 0:02:19  ETA 0:00:10
2026-10-05 16:37:17   93.50%  1,870,000 / 2,000,000 packets  elapsed 0:02:19  ETA 0:00:10
2026-10-05 16:37:18   94.00%  1,880,000 / 2,000,000 packets  elapsed 0:02:20  ETA 0:00:09
2026-10-05 16:37:18   94.50%  1,890,000 / 2,000,000 packets  elapsed 0:02:21  ETA 0:00:08
2026-10-05 16:37:19   95.00%  1,900,000 / 2,000,000 packets  elapsed 0:02:21  ETA 0:00:07
2026-10-05 16:37:20   95.50%  1,910,000 / 2,000,000 packets  elapsed 0:02:22  ETA 0:00:07
2026-10-05 16:37:20   96.00%  1,920,000 / 2,000,000 packets  elapsed 0:02:23  ETA 0:00:06
2026-10-05 16:37:21   96.50%  1,930,000 / 2,000,000 packets  elapsed 0:02:23  ETA 0:00:05
2026-10-05 16:37:22   97.00%  1,940,000 / 2,000,000 packets  elapsed 0:02:24  ETA 0:00:04
2026-10-05 16:37:23   97.50%  1,950,000 / 2,000,000 packets  elapsed 0:02:25  ETA 0:00:04
2026-10-05 16:37:23   98.00%  1,960,000 / 2,000,000 packets  elapsed 0:02:26  ETA 0:00:03
2026-10-05 16:37:24   98.50%  1,970,000 / 2,000,000 packets  elapsed 0:02:26  ETA 0:00:02
2026-10-05 16:37:25   99.00%  1,980,000 / 2,000,000 packets  elapsed 0:02:27  ETA 0:00:01
2026-10-05 16:37:25   99.50%  1,990,000 / 2,000,000 packets  elapsed 0:02:28  ETA 0:00:01
2026-10-05 16:37:26  100.00%  2,000,000 / 2,000,000 packets  elapsed 0:02:28  ETA 0:00:00
Simulation wall time: 148.3 s
Transport terminal states:
  active: 0
  reached the observer plane: 418,098
  escaped through the outer transport boundary: 1,580,479
  absorbed: 1,423
  reached the numerical interaction safety limit: 0
  energy lies outside the dust table: 0
  position or photon four-momentum is invalid: 0
Analog interactions/scatterings: 3,358 / 1,935
Scored/binned observer fluence [ph cm^-2]: 95042.98 / 92910.41
Scored events valid/binned: 1,935 / 57
Unbinned events outside sky/energy/arrival time: 0 / 0 / 1,878
Saved outputs/dsh_image.png
Saved outputs/dsh_count_image.png: 57 events, max 2 per pixel, 2,545 of 2,597 pixels empty
Total run time: 154.8 s
Finished Mon Oct  5 16:37:29 +03 2026, elapsed 160 s
