Job 4016329 on gpu01, started Mon Oct  5 16:19:12 +03 2026, DEVICE=gpu
JAX device: cuda:0 (Tesla V100-PCIE-32GB)
Cloud: clouds/4u1630_NH_111111111100001.fits
Cloud shape (z, y, x): (1500, 53, 49)
Simulated source fluence: 2.154654e+07 ph cm^-2
Progress log: logs/progress.log
2026-10-05 16:19:30    0.50%  10,000 / 2,000,000 packets  elapsed 0:00:10  ETA 0:33:16
2026-10-05 16:19:31    1.00%  20,000 / 2,000,000 packets  elapsed 0:00:11  ETA 0:18:08
2026-10-05 16:19:32    1.50%  30,000 / 2,000,000 packets  elapsed 0:00:12  ETA 0:13:01
2026-10-05 16:19:33    2.00%  40,000 / 2,000,000 packets  elapsed 0:00:13  ETA 0:10:29
2026-10-05 16:19:34    2.50%  50,000 / 2,000,000 packets  elapsed 0:00:14  ETA 0:08:56
2026-10-05 16:19:34    3.00%  60,000 / 2,000,000 packets  elapsed 0:00:15  ETA 0:07:54
2026-10-05 16:19:35    3.50%  70,000 / 2,000,000 packets  elapsed 0:00:16  ETA 0:07:09
2026-10-05 16:19:36    4.00%  80,000 / 2,000,000 packets  elapsed 0:00:17  ETA 0:06:36
2026-10-05 16:19:37    4.50%  90,000 / 2,000,000 packets  elapsed 0:00:17  ETA 0:06:10
2026-10-05 16:19:38    5.00%  100,000 / 2,000,000 packets  elapsed 0:00:18  ETA 0:05:49
2026-10-05 16:19:39    5.50%  110,000 / 2,000,000 packets  elapsed 0:00:19  ETA 0:05:31
2026-10-05 16:19:40    6.00%  120,000 / 2,000,000 packets  elapsed 0:00:20  ETA 0:05:16
2026-10-05 16:19:41    6.50%  130,000 / 2,000,000 packets  elapsed 0:00:21  ETA 0:05:03
2026-10-05 16:19:42    7.00%  140,000 / 2,000,000 packets  elapsed 0:00:22  ETA 0:04:53
2026-10-05 16:19:43    7.50%  150,000 / 2,000,000 packets  elapsed 0:00:23  ETA 0:04:43
2026-10-05 16:19:44    8.00%  160,000 / 2,000,000 packets  elapsed 0:00:24  ETA 0:04:34
2026-10-05 16:19:45    8.50%  170,000 / 2,000,000 packets  elapsed 0:00:25  ETA 0:04:27
2026-10-05 16:19:46    9.00%  180,000 / 2,000,000 packets  elapsed 0:00:26  ETA 0:04:20
2026-10-05 16:19:46    9.50%  190,000 / 2,000,000 packets  elapsed 0:00:27  ETA 0:04:13
2026-10-05 16:19:47   10.00%  200,000 / 2,000,000 packets  elapsed 0:00:28  ETA 0:04:08
2026-10-05 16:19:48   10.50%  210,000 / 2,000,000 packets  elapsed 0:00:28  ETA 0:04:02
2026-10-05 16:19:49   11.00%  220,000 / 2,000,000 packets  elapsed 0:00:29  ETA 0:03:58
2026-10-05 16:19:50   11.50%  230,000 / 2,000,000 packets  elapsed 0:00:30  ETA 0:03:53
2026-10-05 16:19:51   12.00%  240,000 / 2,000,000 packets  elapsed 0:00:31  ETA 0:03:49
2026-10-05 16:19:52   12.50%  250,000 / 2,000,000 packets  elapsed 0:00:32  ETA 0:03:45
2026-10-05 16:19:53   13.00%  260,000 / 2,000,000 packets  elapsed 0:00:33  ETA 0:03:41
2026-10-05 16:19:54   13.50%  270,000 / 2,000,000 packets  elapsed 0:00:34  ETA 0:03:38
2026-10-05 16:19:55   14.00%  280,000 / 2,000,000 packets  elapsed 0:00:35  ETA 0:03:34
2026-10-05 16:19:56   14.50%  290,000 / 2,000,000 packets  elapsed 0:00:36  ETA 0:03:31
2026-10-05 16:19:57   15.00%  300,000 / 2,000,000 packets  elapsed 0:00:37  ETA 0:03:28
2026-10-05 16:19:57   15.50%  310,000 / 2,000,000 packets  elapsed 0:00:38  ETA 0:03:25
2026-10-05 16:19:58   16.00%  320,000 / 2,000,000 packets  elapsed 0:00:39  ETA 0:03:23
2026-10-05 16:19:59   16.50%  330,000 / 2,000,000 packets  elapsed 0:00:39  ETA 0:03:20
2026-10-05 16:20:00   17.00%  340,000 / 2,000,000 packets  elapsed 0:00:40  ETA 0:03:17
2026-10-05 16:20:01   17.50%  350,000 / 2,000,000 packets  elapsed 0:00:41  ETA 0:03:15
2026-10-05 16:20:02   18.00%  360,000 / 2,000,000 packets  elapsed 0:00:42  ETA 0:03:13
2026-10-05 16:20:03   18.50%  370,000 / 2,000,000 packets  elapsed 0:00:43  ETA 0:03:10
2026-10-05 16:20:04   19.00%  380,000 / 2,000,000 packets  elapsed 0:00:44  ETA 0:03:08
2026-10-05 16:20:05   19.50%  390,000 / 2,000,000 packets  elapsed 0:00:45  ETA 0:03:06
2026-10-05 16:20:06   20.00%  400,000 / 2,000,000 packets  elapsed 0:00:46  ETA 0:03:04
2026-10-05 16:20:07   20.50%  410,000 / 2,000,000 packets  elapsed 0:00:47  ETA 0:03:02
2026-10-05 16:20:08   21.00%  420,000 / 2,000,000 packets  elapsed 0:00:48  ETA 0:03:00
2026-10-05 16:20:09   21.50%  430,000 / 2,000,000 packets  elapsed 0:00:49  ETA 0:02:58
2026-10-05 16:20:09   22.00%  440,000 / 2,000,000 packets  elapsed 0:00:50  ETA 0:02:56
2026-10-05 16:20:10   22.50%  450,000 / 2,000,000 packets  elapsed 0:00:51  ETA 0:02:54
2026-10-05 16:20:11   23.00%  460,000 / 2,000,000 packets  elapsed 0:00:51  ETA 0:02:52
2026-10-05 16:20:12   23.50%  470,000 / 2,000,000 packets  elapsed 0:00:52  ETA 0:02:51
2026-10-05 16:20:13   24.00%  480,000 / 2,000,000 packets  elapsed 0:00:53  ETA 0:02:49
2026-10-05 16:20:14   24.50%  490,000 / 2,000,000 packets  elapsed 0:00:54  ETA 0:02:47
2026-10-05 16:20:15   25.00%  500,000 / 2,000,000 packets  elapsed 0:00:55  ETA 0:02:46
2026-10-05 16:20:16   25.50%  510,000 / 2,000,000 packets  elapsed 0:00:56  ETA 0:02:44
2026-10-05 16:20:17   26.00%  520,000 / 2,000,000 packets  elapsed 0:00:57  ETA 0:02:42
2026-10-05 16:20:18   26.50%  530,000 / 2,000,000 packets  elapsed 0:00:58  ETA 0:02:41
2026-10-05 16:20:19   27.00%  540,000 / 2,000,000 packets  elapsed 0:00:59  ETA 0:02:39
2026-10-05 16:20:20   27.50%  550,000 / 2,000,000 packets  elapsed 0:01:00  ETA 0:02:38
2026-10-05 16:20:20   28.00%  560,000 / 2,000,000 packets  elapsed 0:01:01  ETA 0:02:36
2026-10-05 16:20:21   28.50%  570,000 / 2,000,000 packets  elapsed 0:01:02  ETA 0:02:35
2026-10-05 16:20:22   29.00%  580,000 / 2,000,000 packets  elapsed 0:01:03  ETA 0:02:33
2026-10-05 16:20:23   29.50%  590,000 / 2,000,000 packets  elapsed 0:01:03  ETA 0:02:32
2026-10-05 16:20:24   30.00%  600,000 / 2,000,000 packets  elapsed 0:01:04  ETA 0:02:30
2026-10-05 16:20:25   30.50%  610,000 / 2,000,000 packets  elapsed 0:01:05  ETA 0:02:29
2026-10-05 16:20:26   31.00%  620,000 / 2,000,000 packets  elapsed 0:01:06  ETA 0:02:27
2026-10-05 16:20:27   31.50%  630,000 / 2,000,000 packets  elapsed 0:01:07  ETA 0:02:26
2026-10-05 16:20:28   32.00%  640,000 / 2,000,000 packets  elapsed 0:01:08  ETA 0:02:25
2026-10-05 16:20:29   32.50%  650,000 / 2,000,000 packets  elapsed 0:01:09  ETA 0:02:23
2026-10-05 16:20:30   33.00%  660,000 / 2,000,000 packets  elapsed 0:01:10  ETA 0:02:22
2026-10-05 16:20:31   33.50%  670,000 / 2,000,000 packets  elapsed 0:01:11  ETA 0:02:21
2026-10-05 16:20:32   34.00%  680,000 / 2,000,000 packets  elapsed 0:01:12  ETA 0:02:19
2026-10-05 16:20:32   34.50%  690,000 / 2,000,000 packets  elapsed 0:01:13  ETA 0:02:18
2026-10-05 16:20:33   35.00%  700,000 / 2,000,000 packets  elapsed 0:01:14  ETA 0:02:17
2026-10-05 16:20:34   35.50%  710,000 / 2,000,000 packets  elapsed 0:01:14  ETA 0:02:15
2026-10-05 16:20:35   36.00%  720,000 / 2,000,000 packets  elapsed 0:01:15  ETA 0:02:14
2026-10-05 16:20:36   36.50%  730,000 / 2,000,000 packets  elapsed 0:01:16  ETA 0:02:13
2026-10-05 16:20:37   37.00%  740,000 / 2,000,000 packets  elapsed 0:01:17  ETA 0:02:11
2026-10-05 16:20:38   37.50%  750,000 / 2,000,000 packets  elapsed 0:01:18  ETA 0:02:10
2026-10-05 16:20:39   38.00%  760,000 / 2,000,000 packets  elapsed 0:01:19  ETA 0:02:09
2026-10-05 16:20:40   38.50%  770,000 / 2,000,000 packets  elapsed 0:01:20  ETA 0:02:08
2026-10-05 16:20:41   39.00%  780,000 / 2,000,000 packets  elapsed 0:01:21  ETA 0:02:07
2026-10-05 16:20:42   39.50%  790,000 / 2,000,000 packets  elapsed 0:01:22  ETA 0:02:05
2026-10-05 16:20:43   40.00%  800,000 / 2,000,000 packets  elapsed 0:01:23  ETA 0:02:04
2026-10-05 16:20:43   40.50%  810,000 / 2,000,000 packets  elapsed 0:01:24  ETA 0:02:03
2026-10-05 16:20:44   41.00%  820,000 / 2,000,000 packets  elapsed 0:01:25  ETA 0:02:02
2026-10-05 16:20:45   41.50%  830,000 / 2,000,000 packets  elapsed 0:01:26  ETA 0:02:01
2026-10-05 16:20:46   42.00%  840,000 / 2,000,000 packets  elapsed 0:01:26  ETA 0:01:59
2026-10-05 16:20:47   42.50%  850,000 / 2,000,000 packets  elapsed 0:01:27  ETA 0:01:58
2026-10-05 16:20:48   43.00%  860,000 / 2,000,000 packets  elapsed 0:01:28  ETA 0:01:57
2026-10-05 16:20:49   43.50%  870,000 / 2,000,000 packets  elapsed 0:01:29  ETA 0:01:56
2026-10-05 16:20:50   44.00%  880,000 / 2,000,000 packets  elapsed 0:01:30  ETA 0:01:55
2026-10-05 16:20:51   44.50%  890,000 / 2,000,000 packets  elapsed 0:01:31  ETA 0:01:54
2026-10-05 16:20:52   45.00%  900,000 / 2,000,000 packets  elapsed 0:01:32  ETA 0:01:52
2026-10-05 16:20:53   45.50%  910,000 / 2,000,000 packets  elapsed 0:01:33  ETA 0:01:51
2026-10-05 16:20:54   46.00%  920,000 / 2,000,000 packets  elapsed 0:01:34  ETA 0:01:50
2026-10-05 16:20:55   46.50%  930,000 / 2,000,000 packets  elapsed 0:01:35  ETA 0:01:49
2026-10-05 16:20:55   47.00%  940,000 / 2,000,000 packets  elapsed 0:01:36  ETA 0:01:48
2026-10-05 16:20:56   47.50%  950,000 / 2,000,000 packets  elapsed 0:01:37  ETA 0:01:47
2026-10-05 16:20:57   48.00%  960,000 / 2,000,000 packets  elapsed 0:01:37  ETA 0:01:46
2026-10-05 16:20:58   48.50%  970,000 / 2,000,000 packets  elapsed 0:01:38  ETA 0:01:44
2026-10-05 16:20:59   49.00%  980,000 / 2,000,000 packets  elapsed 0:01:39  ETA 0:01:43
2026-10-05 16:21:00   49.50%  990,000 / 2,000,000 packets  elapsed 0:01:40  ETA 0:01:42
2026-10-05 16:21:01   50.00%  1,000,000 / 2,000,000 packets  elapsed 0:01:41  ETA 0:01:41
2026-10-05 16:21:02   50.50%  1,010,000 / 2,000,000 packets  elapsed 0:01:42  ETA 0:01:40
2026-10-05 16:21:03   51.00%  1,020,000 / 2,000,000 packets  elapsed 0:01:43  ETA 0:01:39
2026-10-05 16:21:04   51.50%  1,030,000 / 2,000,000 packets  elapsed 0:01:44  ETA 0:01:38
2026-10-05 16:21:05   52.00%  1,040,000 / 2,000,000 packets  elapsed 0:01:45  ETA 0:01:37
2026-10-05 16:21:06   52.50%  1,050,000 / 2,000,000 packets  elapsed 0:01:46  ETA 0:01:36
2026-10-05 16:21:06   53.00%  1,060,000 / 2,000,000 packets  elapsed 0:01:47  ETA 0:01:35
2026-10-05 16:21:07   53.50%  1,070,000 / 2,000,000 packets  elapsed 0:01:48  ETA 0:01:33
2026-10-05 16:21:08   54.00%  1,080,000 / 2,000,000 packets  elapsed 0:01:49  ETA 0:01:32
2026-10-05 16:21:09   54.50%  1,090,000 / 2,000,000 packets  elapsed 0:01:49  ETA 0:01:31
2026-10-05 16:21:10   55.00%  1,100,000 / 2,000,000 packets  elapsed 0:01:50  ETA 0:01:30
2026-10-05 16:21:11   55.50%  1,110,000 / 2,000,000 packets  elapsed 0:01:51  ETA 0:01:29
2026-10-05 16:21:12   56.00%  1,120,000 / 2,000,000 packets  elapsed 0:01:52  ETA 0:01:28
2026-10-05 16:21:13   56.50%  1,130,000 / 2,000,000 packets  elapsed 0:01:53  ETA 0:01:27
2026-10-05 16:21:14   57.00%  1,140,000 / 2,000,000 packets  elapsed 0:01:54  ETA 0:01:26
2026-10-05 16:21:15   57.50%  1,150,000 / 2,000,000 packets  elapsed 0:01:55  ETA 0:01:25
2026-10-05 16:21:16   58.00%  1,160,000 / 2,000,000 packets  elapsed 0:01:56  ETA 0:01:24
2026-10-05 16:21:17   58.50%  1,170,000 / 2,000,000 packets  elapsed 0:01:57  ETA 0:01:23
2026-10-05 16:21:17   59.00%  1,180,000 / 2,000,000 packets  elapsed 0:01:58  ETA 0:01:22
2026-10-05 16:21:18   59.50%  1,190,000 / 2,000,000 packets  elapsed 0:01:59  ETA 0:01:21
2026-10-05 16:21:19   60.00%  1,200,000 / 2,000,000 packets  elapsed 0:02:00  ETA 0:01:20
2026-10-05 16:21:20   60.50%  1,210,000 / 2,000,000 packets  elapsed 0:02:00  ETA 0:01:19
2026-10-05 16:21:21   61.00%  1,220,000 / 2,000,000 packets  elapsed 0:02:01  ETA 0:01:18
2026-10-05 16:21:22   61.50%  1,230,000 / 2,000,000 packets  elapsed 0:02:02  ETA 0:01:17
2026-10-05 16:21:23   62.00%  1,240,000 / 2,000,000 packets  elapsed 0:02:03  ETA 0:01:16
2026-10-05 16:21:24   62.50%  1,250,000 / 2,000,000 packets  elapsed 0:02:04  ETA 0:01:14
2026-10-05 16:21:25   63.00%  1,260,000 / 2,000,000 packets  elapsed 0:02:05  ETA 0:01:13
2026-10-05 16:21:26   63.50%  1,270,000 / 2,000,000 packets  elapsed 0:02:06  ETA 0:01:12
2026-10-05 16:21:27   64.00%  1,280,000 / 2,000,000 packets  elapsed 0:02:07  ETA 0:01:11
2026-10-05 16:21:28   64.50%  1,290,000 / 2,000,000 packets  elapsed 0:02:08  ETA 0:01:10
2026-10-05 16:21:29   65.00%  1,300,000 / 2,000,000 packets  elapsed 0:02:09  ETA 0:01:09
2026-10-05 16:21:29   65.50%  1,310,000 / 2,000,000 packets  elapsed 0:02:10  ETA 0:01:08
2026-10-05 16:21:30   66.00%  1,320,000 / 2,000,000 packets  elapsed 0:02:11  ETA 0:01:07
2026-10-05 16:21:31   66.50%  1,330,000 / 2,000,000 packets  elapsed 0:02:11  ETA 0:01:06
2026-10-05 16:21:32   67.00%  1,340,000 / 2,000,000 packets  elapsed 0:02:12  ETA 0:01:05
2026-10-05 16:21:33   67.50%  1,350,000 / 2,000,000 packets  elapsed 0:02:13  ETA 0:01:04
2026-10-05 16:21:34   68.00%  1,360,000 / 2,000,000 packets  elapsed 0:02:14  ETA 0:01:03
2026-10-05 16:21:35   68.50%  1,370,000 / 2,000,000 packets  elapsed 0:02:15  ETA 0:01:02
2026-10-05 16:21:36   69.00%  1,380,000 / 2,000,000 packets  elapsed 0:02:16  ETA 0:01:01
2026-10-05 16:21:37   69.50%  1,390,000 / 2,000,000 packets  elapsed 0:02:17  ETA 0:01:00
2026-10-05 16:21:38   70.00%  1,400,000 / 2,000,000 packets  elapsed 0:02:18  ETA 0:00:59
2026-10-05 16:21:39   70.50%  1,410,000 / 2,000,000 packets  elapsed 0:02:19  ETA 0:00:58
2026-10-05 16:21:40   71.00%  1,420,000 / 2,000,000 packets  elapsed 0:02:20  ETA 0:00:57
2026-10-05 16:21:40   71.50%  1,430,000 / 2,000,000 packets  elapsed 0:02:21  ETA 0:00:56
2026-10-05 16:21:41   72.00%  1,440,000 / 2,000,000 packets  elapsed 0:02:22  ETA 0:00:55
2026-10-05 16:21:42   72.50%  1,450,000 / 2,000,000 packets  elapsed 0:02:22  ETA 0:00:54
2026-10-05 16:21:43   73.00%  1,460,000 / 2,000,000 packets  elapsed 0:02:23  ETA 0:00:53
2026-10-05 16:21:44   73.50%  1,470,000 / 2,000,000 packets  elapsed 0:02:24  ETA 0:00:52
2026-10-05 16:21:45   74.00%  1,480,000 / 2,000,000 packets  elapsed 0:02:25  ETA 0:00:51
2026-10-05 16:21:46   74.50%  1,490,000 / 2,000,000 packets  elapsed 0:02:26  ETA 0:00:50
2026-10-05 16:21:47   75.00%  1,500,000 / 2,000,000 packets  elapsed 0:02:27  ETA 0:00:49
2026-10-05 16:21:48   75.50%  1,510,000 / 2,000,000 packets  elapsed 0:02:28  ETA 0:00:48
2026-10-05 16:21:49   76.00%  1,520,000 / 2,000,000 packets  elapsed 0:02:29  ETA 0:00:47
2026-10-05 16:21:50   76.50%  1,530,000 / 2,000,000 packets  elapsed 0:02:30  ETA 0:00:46
2026-10-05 16:21:51   77.00%  1,540,000 / 2,000,000 packets  elapsed 0:02:31  ETA 0:00:45
2026-10-05 16:21:51   77.50%  1,550,000 / 2,000,000 packets  elapsed 0:02:32  ETA 0:00:44
2026-10-05 16:21:52   78.00%  1,560,000 / 2,000,000 packets  elapsed 0:02:33  ETA 0:00:43
2026-10-05 16:21:53   78.50%  1,570,000 / 2,000,000 packets  elapsed 0:02:33  ETA 0:00:42
2026-10-05 16:21:54   79.00%  1,580,000 / 2,000,000 packets  elapsed 0:02:34  ETA 0:00:41
2026-10-05 16:21:55   79.50%  1,590,000 / 2,000,000 packets  elapsed 0:02:35  ETA 0:00:40
2026-10-05 16:21:56   80.00%  1,600,000 / 2,000,000 packets  elapsed 0:02:36  ETA 0:00:39
2026-10-05 16:21:57   80.50%  1,610,000 / 2,000,000 packets  elapsed 0:02:37  ETA 0:00:38
2026-10-05 16:21:58   81.00%  1,620,000 / 2,000,000 packets  elapsed 0:02:38  ETA 0:00:37
2026-10-05 16:21:59   81.50%  1,630,000 / 2,000,000 packets  elapsed 0:02:39  ETA 0:00:36
2026-10-05 16:22:00   82.00%  1,640,000 / 2,000,000 packets  elapsed 0:02:40  ETA 0:00:35
2026-10-05 16:22:01   82.50%  1,650,000 / 2,000,000 packets  elapsed 0:02:41  ETA 0:00:34
2026-10-05 16:22:02   83.00%  1,660,000 / 2,000,000 packets  elapsed 0:02:42  ETA 0:00:33
2026-10-05 16:22:02   83.50%  1,670,000 / 2,000,000 packets  elapsed 0:02:43  ETA 0:00:32
2026-10-05 16:22:03   84.00%  1,680,000 / 2,000,000 packets  elapsed 0:02:44  ETA 0:00:31
2026-10-05 16:22:04   84.50%  1,690,000 / 2,000,000 packets  elapsed 0:02:45  ETA 0:00:30
2026-10-05 16:22:05   85.00%  1,700,000 / 2,000,000 packets  elapsed 0:02:45  ETA 0:00:29
2026-10-05 16:22:06   85.50%  1,710,000 / 2,000,000 packets  elapsed 0:02:46  ETA 0:00:28
2026-10-05 16:22:07   86.00%  1,720,000 / 2,000,000 packets  elapsed 0:02:47  ETA 0:00:27
2026-10-05 16:22:08   86.50%  1,730,000 / 2,000,000 packets  elapsed 0:02:48  ETA 0:00:26
2026-10-05 16:22:09   87.00%  1,740,000 / 2,000,000 packets  elapsed 0:02:49  ETA 0:00:25
2026-10-05 16:22:10   87.50%  1,750,000 / 2,000,000 packets  elapsed 0:02:50  ETA 0:00:24
2026-10-05 16:22:11   88.00%  1,760,000 / 2,000,000 packets  elapsed 0:02:51  ETA 0:00:23
2026-10-05 16:22:12   88.50%  1,770,000 / 2,000,000 packets  elapsed 0:02:52  ETA 0:00:22
2026-10-05 16:22:13   89.00%  1,780,000 / 2,000,000 packets  elapsed 0:02:53  ETA 0:00:21
2026-10-05 16:22:13   89.50%  1,790,000 / 2,000,000 packets  elapsed 0:02:54  ETA 0:00:20
2026-10-05 16:22:14   90.00%  1,800,000 / 2,000,000 packets  elapsed 0:02:55  ETA 0:00:19
2026-10-05 16:22:15   90.50%  1,810,000 / 2,000,000 packets  elapsed 0:02:56  ETA 0:00:18
2026-10-05 16:22:16   91.00%  1,820,000 / 2,000,000 packets  elapsed 0:02:56  ETA 0:00:17
2026-10-05 16:22:17   91.50%  1,830,000 / 2,000,000 packets  elapsed 0:02:57  ETA 0:00:16
2026-10-05 16:22:18   92.00%  1,840,000 / 2,000,000 packets  elapsed 0:02:58  ETA 0:00:16
2026-10-05 16:22:19   92.50%  1,850,000 / 2,000,000 packets  elapsed 0:02:59  ETA 0:00:15
2026-10-05 16:22:20   93.00%  1,860,000 / 2,000,000 packets  elapsed 0:03:00  ETA 0:00:14
2026-10-05 16:22:21   93.50%  1,870,000 / 2,000,000 packets  elapsed 0:03:01  ETA 0:00:13
2026-10-05 16:22:22   94.00%  1,880,000 / 2,000,000 packets  elapsed 0:03:02  ETA 0:00:12
2026-10-05 16:22:23   94.50%  1,890,000 / 2,000,000 packets  elapsed 0:03:03  ETA 0:00:11
2026-10-05 16:22:24   95.00%  1,900,000 / 2,000,000 packets  elapsed 0:03:04  ETA 0:00:10
2026-10-05 16:22:25   95.50%  1,910,000 / 2,000,000 packets  elapsed 0:03:05  ETA 0:00:09
2026-10-05 16:22:25   96.00%  1,920,000 / 2,000,000 packets  elapsed 0:03:06  ETA 0:00:08
2026-10-05 16:22:26   96.50%  1,930,000 / 2,000,000 packets  elapsed 0:03:07  ETA 0:00:07
2026-10-05 16:22:27   97.00%  1,940,000 / 2,000,000 packets  elapsed 0:03:08  ETA 0:00:06
2026-10-05 16:22:28   97.50%  1,950,000 / 2,000,000 packets  elapsed 0:03:08  ETA 0:00:05
2026-10-05 16:22:29   98.00%  1,960,000 / 2,000,000 packets  elapsed 0:03:09  ETA 0:00:04
2026-10-05 16:22:30   98.50%  1,970,000 / 2,000,000 packets  elapsed 0:03:10  ETA 0:00:03
2026-10-05 16:22:31   99.00%  1,980,000 / 2,000,000 packets  elapsed 0:03:11  ETA 0:00:02
2026-10-05 16:22:32   99.50%  1,990,000 / 2,000,000 packets  elapsed 0:03:12  ETA 0:00:01
2026-10-05 16:22:33  100.00%  2,000,000 / 2,000,000 packets  elapsed 0:03:13  ETA 0:00:00
Simulation wall time: 193.0 s
Transport terminal states:
  active: 0
  reached the observer plane: 1,986,246
  escaped through the outer transport boundary: 0
  absorbed: 13,754
  reached the numerical interaction safety limit: 0
  energy lies outside the dust table: 0
  position or photon four-momentum is invalid: 0
Analog interactions/scatterings: 38,846 / 25,092
Scored/binned observer fluence [ph cm^-2]: 4728570 / 4728131
Saved outputs/dsh_image.png
Saved outputs/dsh_count_image.png: 5,492 events, max 13 per pixel, 537 of 2,597 pixels empty
Total run time: 199.2 s
Finished Mon Oct  5 16:22:37 +03 2026, elapsed 205 s
