Job 4016324 on gpu01, started Mon Oct  5 16:06:06 +03 2026, DEVICE=gpu
JAX device: cuda:0 (Tesla V100-PCIE-32GB)
Cloud: clouds/4u1630_NH_111111111100001.fits
Cloud shape (z, y, x): (1500, 53, 49)
Simulated source fluence: 43.2 ph cm^-2
Progress log: logs/progress.log
2026-10-05 16:06:19.586542: W external/xla/xla/hlo/transforms/simplifiers/hlo_rematerialization.cc:3023] Can't reduce memory use below 22.59GiB (24251503103 bytes) by rematerialization; only reduced to 46.34GiB (49756703668 bytes), down from 46.34GiB (49756703680 bytes) originally
2026-10-05 16:06:33.503877: W external/xla/xla/tsl/framework/bfc_allocator.cc:501] Allocator (GPU_0_bfc) ran out of memory trying to allocate 46.33GiB (rounded to 49744222976)requested by op 
If the cause is memory fragmentation maybe the environment variable 'TF_GPU_ALLOCATOR=cuda_malloc_async' will improve the situation. 
Current allocation summary follows.
Current allocation summary follows.
2026-10-05 16:06:33.504369: W external/xla/xla/tsl/framework/bfc_allocator.cc:512] *___________________________________________________________________________________________________
E1005 16:06:33.504708  819881 pjrt_stream_executor_client.cc:2916] Execution of replica 0 failed: RESOURCE_EXHAUSTED: Out of memory while trying to allocate 49744222944 bytes. [tf-allocator-allocation-error='']
jax.errors.SimplifiedTraceback: For simplicity, JAX has removed its internal frames from the traceback of the following exception. Set JAX_TRACEBACK_FILTERING=off to include these.

The above exception was the direct cause of the following exception:

Traceback (most recent call last):
  File "/cta/users/atakans/ray-tracing-ahmed/run_simulation.py", line 287, in <module>
    main()
  File "/cta/users/atakans/ray-tracing-ahmed/run_simulation.py", line 255, in main
    result = run_tabulated_source_to_observer_chunked(
  File "/cta/users/atakans/ray-tracing-ahmed/dsh/pipeline.py", line 314, in run_tabulated_source_to_observer_chunked
    return _run_source_to_observer_chunked(
  File "/cta/users/atakans/ray-tracing-ahmed/dsh/pipeline.py", line 266, in _run_source_to_observer_chunked
    current = pipeline_jit(
jaxlib._jax.XlaRuntimeError: RESOURCE_EXHAUSTED: Out of memory while trying to allocate 49744222944 bytes.
