Job 4016332 on gpu01, started Mon Oct  5 16:23:42 +03 2026, DEVICE=gpu
JAX device: cuda:0 (Tesla V100-PCIE-32GB)
Cloud: clouds/4u1630_NH_111111111100001_DSH_11p5kpc.fits
Cloud shape (z, y, x): (1149, 53, 49)
Simulated source fluence: 2.154654e+07 ph cm^-2
Progress log: logs/progress.log
2026-10-05 16:24:02    0.50%  10,000 / 2,000,000 packets  elapsed 0:00:10  ETA 0:32:53
2026-10-05 16:24:03    1.00%  20,000 / 2,000,000 packets  elapsed 0:00:11  ETA 0:17:40
2026-10-05 16:24:03    1.50%  30,000 / 2,000,000 packets  elapsed 0:00:11  ETA 0:12:31
2026-10-05 16:24:04    2.00%  40,000 / 2,000,000 packets  elapsed 0:00:12  ETA 0:09:57
2026-10-05 16:24:05    2.50%  50,000 / 2,000,000 packets  elapsed 0:00:13  ETA 0:08:24
2026-10-05 16:24:06    3.00%  60,000 / 2,000,000 packets  elapsed 0:00:14  ETA 0:07:22
2026-10-05 16:24:06    3.50%  70,000 / 2,000,000 packets  elapsed 0:00:14  ETA 0:06:37
2026-10-05 16:24:07    4.00%  80,000 / 2,000,000 packets  elapsed 0:00:15  ETA 0:06:04
2026-10-05 16:24:08    4.50%  90,000 / 2,000,000 packets  elapsed 0:00:16  ETA 0:05:37
2026-10-05 16:24:09    5.00%  100,000 / 2,000,000 packets  elapsed 0:00:17  ETA 0:05:16
2026-10-05 16:24:09    5.50%  110,000 / 2,000,000 packets  elapsed 0:00:17  ETA 0:04:59
2026-10-05 16:24:10    6.00%  120,000 / 2,000,000 packets  elapsed 0:00:18  ETA 0:04:44
2026-10-05 16:24:11    6.50%  130,000 / 2,000,000 packets  elapsed 0:00:19  ETA 0:04:32
2026-10-05 16:24:12    7.00%  140,000 / 2,000,000 packets  elapsed 0:00:20  ETA 0:04:21
2026-10-05 16:24:12    7.50%  150,000 / 2,000,000 packets  elapsed 0:00:20  ETA 0:04:11
2026-10-05 16:24:13    8.00%  160,000 / 2,000,000 packets  elapsed 0:00:21  ETA 0:04:03
2026-10-05 16:24:14    8.50%  170,000 / 2,000,000 packets  elapsed 0:00:22  ETA 0:03:55
2026-10-05 16:24:15    9.00%  180,000 / 2,000,000 packets  elapsed 0:00:23  ETA 0:03:49
2026-10-05 16:24:15    9.50%  190,000 / 2,000,000 packets  elapsed 0:00:23  ETA 0:03:42
2026-10-05 16:24:16   10.00%  200,000 / 2,000,000 packets  elapsed 0:00:24  ETA 0:03:37
2026-10-05 16:24:17   10.50%  210,000 / 2,000,000 packets  elapsed 0:00:25  ETA 0:03:32
2026-10-05 16:24:17   11.00%  220,000 / 2,000,000 packets  elapsed 0:00:26  ETA 0:03:27
2026-10-05 16:24:18   11.50%  230,000 / 2,000,000 packets  elapsed 0:00:26  ETA 0:03:23
2026-10-05 16:24:19   12.00%  240,000 / 2,000,000 packets  elapsed 0:00:27  ETA 0:03:19
2026-10-05 16:24:20   12.50%  250,000 / 2,000,000 packets  elapsed 0:00:28  ETA 0:03:15
2026-10-05 16:24:20   13.00%  260,000 / 2,000,000 packets  elapsed 0:00:29  ETA 0:03:11
2026-10-05 16:24:21   13.50%  270,000 / 2,000,000 packets  elapsed 0:00:29  ETA 0:03:08
2026-10-05 16:24:22   14.00%  280,000 / 2,000,000 packets  elapsed 0:00:30  ETA 0:03:05
2026-10-05 16:24:23   14.50%  290,000 / 2,000,000 packets  elapsed 0:00:31  ETA 0:03:02
2026-10-05 16:24:23   15.00%  300,000 / 2,000,000 packets  elapsed 0:00:32  ETA 0:02:59
2026-10-05 16:24:24   15.50%  310,000 / 2,000,000 packets  elapsed 0:00:32  ETA 0:02:56
2026-10-05 16:24:25   16.00%  320,000 / 2,000,000 packets  elapsed 0:00:33  ETA 0:02:53
2026-10-05 16:24:26   16.50%  330,000 / 2,000,000 packets  elapsed 0:00:34  ETA 0:02:51
2026-10-05 16:24:26   17.00%  340,000 / 2,000,000 packets  elapsed 0:00:35  ETA 0:02:49
2026-10-05 16:24:27   17.50%  350,000 / 2,000,000 packets  elapsed 0:00:35  ETA 0:02:46
2026-10-05 16:24:28   18.00%  360,000 / 2,000,000 packets  elapsed 0:00:36  ETA 0:02:44
2026-10-05 16:24:29   18.50%  370,000 / 2,000,000 packets  elapsed 0:00:37  ETA 0:02:42
2026-10-05 16:24:29   19.00%  380,000 / 2,000,000 packets  elapsed 0:00:38  ETA 0:02:40
2026-10-05 16:24:30   19.50%  390,000 / 2,000,000 packets  elapsed 0:00:38  ETA 0:02:38
2026-10-05 16:24:31   20.00%  400,000 / 2,000,000 packets  elapsed 0:00:39  ETA 0:02:36
2026-10-05 16:24:32   20.50%  410,000 / 2,000,000 packets  elapsed 0:00:40  ETA 0:02:34
2026-10-05 16:24:32   21.00%  420,000 / 2,000,000 packets  elapsed 0:00:41  ETA 0:02:32
2026-10-05 16:24:33   21.50%  430,000 / 2,000,000 packets  elapsed 0:00:41  ETA 0:02:31
2026-10-05 16:24:34   22.00%  440,000 / 2,000,000 packets  elapsed 0:00:42  ETA 0:02:29
2026-10-05 16:24:35   22.50%  450,000 / 2,000,000 packets  elapsed 0:00:43  ETA 0:02:27
2026-10-05 16:24:35   23.00%  460,000 / 2,000,000 packets  elapsed 0:00:43  ETA 0:02:26
2026-10-05 16:24:36   23.50%  470,000 / 2,000,000 packets  elapsed 0:00:44  ETA 0:02:24
2026-10-05 16:24:37   24.00%  480,000 / 2,000,000 packets  elapsed 0:00:45  ETA 0:02:22
2026-10-05 16:24:38   24.50%  490,000 / 2,000,000 packets  elapsed 0:00:46  ETA 0:02:21
2026-10-05 16:24:38   25.00%  500,000 / 2,000,000 packets  elapsed 0:00:46  ETA 0:02:19
2026-10-05 16:24:39   25.50%  510,000 / 2,000,000 packets  elapsed 0:00:47  ETA 0:02:18
2026-10-05 16:24:40   26.00%  520,000 / 2,000,000 packets  elapsed 0:00:48  ETA 0:02:16
2026-10-05 16:24:41   26.50%  530,000 / 2,000,000 packets  elapsed 0:00:49  ETA 0:02:15
2026-10-05 16:24:41   27.00%  540,000 / 2,000,000 packets  elapsed 0:00:49  ETA 0:02:14
2026-10-05 16:24:42   27.50%  550,000 / 2,000,000 packets  elapsed 0:00:50  ETA 0:02:12
2026-10-05 16:24:43   28.00%  560,000 / 2,000,000 packets  elapsed 0:00:51  ETA 0:02:11
2026-10-05 16:24:44   28.50%  570,000 / 2,000,000 packets  elapsed 0:00:52  ETA 0:02:10
2026-10-05 16:24:44   29.00%  580,000 / 2,000,000 packets  elapsed 0:00:52  ETA 0:02:08
2026-10-05 16:24:45   29.50%  590,000 / 2,000,000 packets  elapsed 0:00:53  ETA 0:02:07
2026-10-05 16:24:46   30.00%  600,000 / 2,000,000 packets  elapsed 0:00:54  ETA 0:02:06
2026-10-05 16:24:47   30.50%  610,000 / 2,000,000 packets  elapsed 0:00:55  ETA 0:02:05
2026-10-05 16:24:47   31.00%  620,000 / 2,000,000 packets  elapsed 0:00:55  ETA 0:02:03
2026-10-05 16:24:48   31.50%  630,000 / 2,000,000 packets  elapsed 0:00:56  ETA 0:02:02
2026-10-05 16:24:49   32.00%  640,000 / 2,000,000 packets  elapsed 0:00:57  ETA 0:02:01
2026-10-05 16:24:50   32.50%  650,000 / 2,000,000 packets  elapsed 0:00:58  ETA 0:02:00
2026-10-05 16:24:50   33.00%  660,000 / 2,000,000 packets  elapsed 0:00:58  ETA 0:01:59
2026-10-05 16:24:51   33.50%  670,000 / 2,000,000 packets  elapsed 0:00:59  ETA 0:01:57
2026-10-05 16:24:52   34.00%  680,000 / 2,000,000 packets  elapsed 0:01:00  ETA 0:01:56
2026-10-05 16:24:53   34.50%  690,000 / 2,000,000 packets  elapsed 0:01:01  ETA 0:01:55
2026-10-05 16:24:53   35.00%  700,000 / 2,000,000 packets  elapsed 0:01:01  ETA 0:01:54
2026-10-05 16:24:54   35.50%  710,000 / 2,000,000 packets  elapsed 0:01:02  ETA 0:01:53
2026-10-05 16:24:55   36.00%  720,000 / 2,000,000 packets  elapsed 0:01:03  ETA 0:01:52
2026-10-05 16:24:55   36.50%  730,000 / 2,000,000 packets  elapsed 0:01:04  ETA 0:01:51
2026-10-05 16:24:56   37.00%  740,000 / 2,000,000 packets  elapsed 0:01:04  ETA 0:01:50
2026-10-05 16:24:57   37.50%  750,000 / 2,000,000 packets  elapsed 0:01:05  ETA 0:01:48
2026-10-05 16:24:58   38.00%  760,000 / 2,000,000 packets  elapsed 0:01:06  ETA 0:01:47
2026-10-05 16:24:58   38.50%  770,000 / 2,000,000 packets  elapsed 0:01:07  ETA 0:01:46
2026-10-05 16:24:59   39.00%  780,000 / 2,000,000 packets  elapsed 0:01:07  ETA 0:01:45
2026-10-05 16:25:00   39.50%  790,000 / 2,000,000 packets  elapsed 0:01:08  ETA 0:01:44
2026-10-05 16:25:01   40.00%  800,000 / 2,000,000 packets  elapsed 0:01:09  ETA 0:01:43
2026-10-05 16:25:01   40.50%  810,000 / 2,000,000 packets  elapsed 0:01:10  ETA 0:01:42
2026-10-05 16:25:02   41.00%  820,000 / 2,000,000 packets  elapsed 0:01:10  ETA 0:01:41
2026-10-05 16:25:03   41.50%  830,000 / 2,000,000 packets  elapsed 0:01:11  ETA 0:01:40
2026-10-05 16:25:04   42.00%  840,000 / 2,000,000 packets  elapsed 0:01:12  ETA 0:01:39
2026-10-05 16:25:04   42.50%  850,000 / 2,000,000 packets  elapsed 0:01:13  ETA 0:01:38
2026-10-05 16:25:05   43.00%  860,000 / 2,000,000 packets  elapsed 0:01:13  ETA 0:01:37
2026-10-05 16:25:06   43.50%  870,000 / 2,000,000 packets  elapsed 0:01:14  ETA 0:01:36
2026-10-05 16:25:07   44.00%  880,000 / 2,000,000 packets  elapsed 0:01:15  ETA 0:01:35
2026-10-05 16:25:07   44.50%  890,000 / 2,000,000 packets  elapsed 0:01:16  ETA 0:01:34
2026-10-05 16:25:08   45.00%  900,000 / 2,000,000 packets  elapsed 0:01:16  ETA 0:01:33
2026-10-05 16:25:09   45.50%  910,000 / 2,000,000 packets  elapsed 0:01:17  ETA 0:01:32
2026-10-05 16:25:10   46.00%  920,000 / 2,000,000 packets  elapsed 0:01:18  ETA 0:01:31
2026-10-05 16:25:10   46.50%  930,000 / 2,000,000 packets  elapsed 0:01:18  ETA 0:01:30
2026-10-05 16:25:11   47.00%  940,000 / 2,000,000 packets  elapsed 0:01:19  ETA 0:01:29
2026-10-05 16:25:12   47.50%  950,000 / 2,000,000 packets  elapsed 0:01:20  ETA 0:01:28
2026-10-05 16:25:13   48.00%  960,000 / 2,000,000 packets  elapsed 0:01:21  ETA 0:01:27
2026-10-05 16:25:13   48.50%  970,000 / 2,000,000 packets  elapsed 0:01:21  ETA 0:01:26
2026-10-05 16:25:14   49.00%  980,000 / 2,000,000 packets  elapsed 0:01:22  ETA 0:01:26
2026-10-05 16:25:15   49.50%  990,000 / 2,000,000 packets  elapsed 0:01:23  ETA 0:01:25
2026-10-05 16:25:16   50.00%  1,000,000 / 2,000,000 packets  elapsed 0:01:24  ETA 0:01:24
2026-10-05 16:25:16   50.50%  1,010,000 / 2,000,000 packets  elapsed 0:01:24  ETA 0:01:23
2026-10-05 16:25:17   51.00%  1,020,000 / 2,000,000 packets  elapsed 0:01:25  ETA 0:01:22
2026-10-05 16:25:18   51.50%  1,030,000 / 2,000,000 packets  elapsed 0:01:26  ETA 0:01:21
2026-10-05 16:25:19   52.00%  1,040,000 / 2,000,000 packets  elapsed 0:01:27  ETA 0:01:20
2026-10-05 16:25:19   52.50%  1,050,000 / 2,000,000 packets  elapsed 0:01:27  ETA 0:01:19
2026-10-05 16:25:20   53.00%  1,060,000 / 2,000,000 packets  elapsed 0:01:28  ETA 0:01:18
2026-10-05 16:25:21   53.50%  1,070,000 / 2,000,000 packets  elapsed 0:01:29  ETA 0:01:17
2026-10-05 16:25:22   54.00%  1,080,000 / 2,000,000 packets  elapsed 0:01:30  ETA 0:01:16
2026-10-05 16:25:22   54.50%  1,090,000 / 2,000,000 packets  elapsed 0:01:30  ETA 0:01:15
2026-10-05 16:25:23   55.00%  1,100,000 / 2,000,000 packets  elapsed 0:01:31  ETA 0:01:15
2026-10-05 16:25:24   55.50%  1,110,000 / 2,000,000 packets  elapsed 0:01:32  ETA 0:01:14
2026-10-05 16:25:25   56.00%  1,120,000 / 2,000,000 packets  elapsed 0:01:33  ETA 0:01:13
2026-10-05 16:25:25   56.50%  1,130,000 / 2,000,000 packets  elapsed 0:01:33  ETA 0:01:12
2026-10-05 16:25:26   57.00%  1,140,000 / 2,000,000 packets  elapsed 0:01:34  ETA 0:01:11
2026-10-05 16:25:27   57.50%  1,150,000 / 2,000,000 packets  elapsed 0:01:35  ETA 0:01:10
2026-10-05 16:25:28   58.00%  1,160,000 / 2,000,000 packets  elapsed 0:01:36  ETA 0:01:09
2026-10-05 16:25:28   58.50%  1,170,000 / 2,000,000 packets  elapsed 0:01:36  ETA 0:01:08
2026-10-05 16:25:29   59.00%  1,180,000 / 2,000,000 packets  elapsed 0:01:37  ETA 0:01:07
2026-10-05 16:25:30   59.50%  1,190,000 / 2,000,000 packets  elapsed 0:01:38  ETA 0:01:07
2026-10-05 16:25:30   60.00%  1,200,000 / 2,000,000 packets  elapsed 0:01:39  ETA 0:01:06
2026-10-05 16:25:31   60.50%  1,210,000 / 2,000,000 packets  elapsed 0:01:39  ETA 0:01:05
2026-10-05 16:25:32   61.00%  1,220,000 / 2,000,000 packets  elapsed 0:01:40  ETA 0:01:04
2026-10-05 16:25:33   61.50%  1,230,000 / 2,000,000 packets  elapsed 0:01:41  ETA 0:01:03
2026-10-05 16:25:33   62.00%  1,240,000 / 2,000,000 packets  elapsed 0:01:42  ETA 0:01:02
2026-10-05 16:25:34   62.50%  1,250,000 / 2,000,000 packets  elapsed 0:01:42  ETA 0:01:01
2026-10-05 16:25:35   63.00%  1,260,000 / 2,000,000 packets  elapsed 0:01:43  ETA 0:01:01
2026-10-05 16:25:36   63.50%  1,270,000 / 2,000,000 packets  elapsed 0:01:44  ETA 0:01:00
2026-10-05 16:25:36   64.00%  1,280,000 / 2,000,000 packets  elapsed 0:01:45  ETA 0:00:59
2026-10-05 16:25:37   64.50%  1,290,000 / 2,000,000 packets  elapsed 0:01:45  ETA 0:00:58
2026-10-05 16:25:38   65.00%  1,300,000 / 2,000,000 packets  elapsed 0:01:46  ETA 0:00:57
2026-10-05 16:25:39   65.50%  1,310,000 / 2,000,000 packets  elapsed 0:01:47  ETA 0:00:56
2026-10-05 16:25:39   66.00%  1,320,000 / 2,000,000 packets  elapsed 0:01:48  ETA 0:00:55
2026-10-05 16:25:40   66.50%  1,330,000 / 2,000,000 packets  elapsed 0:01:48  ETA 0:00:55
2026-10-05 16:25:41   67.00%  1,340,000 / 2,000,000 packets  elapsed 0:01:49  ETA 0:00:54
2026-10-05 16:25:42   67.50%  1,350,000 / 2,000,000 packets  elapsed 0:01:50  ETA 0:00:53
2026-10-05 16:25:42   68.00%  1,360,000 / 2,000,000 packets  elapsed 0:01:50  ETA 0:00:52
2026-10-05 16:25:43   68.50%  1,370,000 / 2,000,000 packets  elapsed 0:01:51  ETA 0:00:51
2026-10-05 16:25:44   69.00%  1,380,000 / 2,000,000 packets  elapsed 0:01:52  ETA 0:00:50
2026-10-05 16:25:45   69.50%  1,390,000 / 2,000,000 packets  elapsed 0:01:53  ETA 0:00:49
2026-10-05 16:25:45   70.00%  1,400,000 / 2,000,000 packets  elapsed 0:01:53  ETA 0:00:49
2026-10-05 16:25:46   70.50%  1,410,000 / 2,000,000 packets  elapsed 0:01:54  ETA 0:00:48
2026-10-05 16:25:47   71.00%  1,420,000 / 2,000,000 packets  elapsed 0:01:55  ETA 0:00:47
2026-10-05 16:25:48   71.50%  1,430,000 / 2,000,000 packets  elapsed 0:01:56  ETA 0:00:46
2026-10-05 16:25:48   72.00%  1,440,000 / 2,000,000 packets  elapsed 0:01:56  ETA 0:00:45
2026-10-05 16:25:49   72.50%  1,450,000 / 2,000,000 packets  elapsed 0:01:57  ETA 0:00:44
2026-10-05 16:25:50   73.00%  1,460,000 / 2,000,000 packets  elapsed 0:01:58  ETA 0:00:44
2026-10-05 16:25:51   73.50%  1,470,000 / 2,000,000 packets  elapsed 0:01:59  ETA 0:00:43
2026-10-05 16:25:51   74.00%  1,480,000 / 2,000,000 packets  elapsed 0:01:59  ETA 0:00:42
2026-10-05 16:25:52   74.50%  1,490,000 / 2,000,000 packets  elapsed 0:02:00  ETA 0:00:41
2026-10-05 16:25:53   75.00%  1,500,000 / 2,000,000 packets  elapsed 0:02:01  ETA 0:00:40
2026-10-05 16:25:54   75.50%  1,510,000 / 2,000,000 packets  elapsed 0:02:02  ETA 0:00:39
2026-10-05 16:25:54   76.00%  1,520,000 / 2,000,000 packets  elapsed 0:02:02  ETA 0:00:39
2026-10-05 16:25:55   76.50%  1,530,000 / 2,000,000 packets  elapsed 0:02:03  ETA 0:00:38
2026-10-05 16:25:56   77.00%  1,540,000 / 2,000,000 packets  elapsed 0:02:04  ETA 0:00:37
2026-10-05 16:25:57   77.50%  1,550,000 / 2,000,000 packets  elapsed 0:02:05  ETA 0:00:36
2026-10-05 16:25:57   78.00%  1,560,000 / 2,000,000 packets  elapsed 0:02:05  ETA 0:00:35
2026-10-05 16:25:58   78.50%  1,570,000 / 2,000,000 packets  elapsed 0:02:06  ETA 0:00:35
2026-10-05 16:25:59   79.00%  1,580,000 / 2,000,000 packets  elapsed 0:02:07  ETA 0:00:34
2026-10-05 16:25:59   79.50%  1,590,000 / 2,000,000 packets  elapsed 0:02:08  ETA 0:00:33
2026-10-05 16:26:00   80.00%  1,600,000 / 2,000,000 packets  elapsed 0:02:08  ETA 0:00:32
2026-10-05 16:26:01   80.50%  1,610,000 / 2,000,000 packets  elapsed 0:02:09  ETA 0:00:31
2026-10-05 16:26:02   81.00%  1,620,000 / 2,000,000 packets  elapsed 0:02:10  ETA 0:00:30
2026-10-05 16:26:02   81.50%  1,630,000 / 2,000,000 packets  elapsed 0:02:11  ETA 0:00:30
2026-10-05 16:26:03   82.00%  1,640,000 / 2,000,000 packets  elapsed 0:02:11  ETA 0:00:29
2026-10-05 16:26:04   82.50%  1,650,000 / 2,000,000 packets  elapsed 0:02:12  ETA 0:00:28
2026-10-05 16:26:05   83.00%  1,660,000 / 2,000,000 packets  elapsed 0:02:13  ETA 0:00:27
2026-10-05 16:26:05   83.50%  1,670,000 / 2,000,000 packets  elapsed 0:02:14  ETA 0:00:26
2026-10-05 16:26:06   84.00%  1,680,000 / 2,000,000 packets  elapsed 0:02:14  ETA 0:00:26
2026-10-05 16:26:07   84.50%  1,690,000 / 2,000,000 packets  elapsed 0:02:15  ETA 0:00:25
2026-10-05 16:26:08   85.00%  1,700,000 / 2,000,000 packets  elapsed 0:02:16  ETA 0:00:24
2026-10-05 16:26:08   85.50%  1,710,000 / 2,000,000 packets  elapsed 0:02:17  ETA 0:00:23
2026-10-05 16:26:09   86.00%  1,720,000 / 2,000,000 packets  elapsed 0:02:17  ETA 0:00:22
2026-10-05 16:26:10   86.50%  1,730,000 / 2,000,000 packets  elapsed 0:02:18  ETA 0:00:22
2026-10-05 16:26:11   87.00%  1,740,000 / 2,000,000 packets  elapsed 0:02:19  ETA 0:00:21
2026-10-05 16:26:11   87.50%  1,750,000 / 2,000,000 packets  elapsed 0:02:19  ETA 0:00:20
2026-10-05 16:26:12   88.00%  1,760,000 / 2,000,000 packets  elapsed 0:02:20  ETA 0:00:19
2026-10-05 16:26:13   88.50%  1,770,000 / 2,000,000 packets  elapsed 0:02:21  ETA 0:00:18
2026-10-05 16:26:14   89.00%  1,780,000 / 2,000,000 packets  elapsed 0:02:22  ETA 0:00:18
2026-10-05 16:26:14   89.50%  1,790,000 / 2,000,000 packets  elapsed 0:02:22  ETA 0:00:17
2026-10-05 16:26:15   90.00%  1,800,000 / 2,000,000 packets  elapsed 0:02:23  ETA 0:00:16
2026-10-05 16:26:16   90.50%  1,810,000 / 2,000,000 packets  elapsed 0:02:24  ETA 0:00:15
2026-10-05 16:26:17   91.00%  1,820,000 / 2,000,000 packets  elapsed 0:02:25  ETA 0:00:14
2026-10-05 16:26:17   91.50%  1,830,000 / 2,000,000 packets  elapsed 0:02:25  ETA 0:00:14
2026-10-05 16:26:18   92.00%  1,840,000 / 2,000,000 packets  elapsed 0:02:26  ETA 0:00:13
2026-10-05 16:26:19   92.50%  1,850,000 / 2,000,000 packets  elapsed 0:02:27  ETA 0:00:12
2026-10-05 16:26:20   93.00%  1,860,000 / 2,000,000 packets  elapsed 0:02:28  ETA 0:00:11
2026-10-05 16:26:20   93.50%  1,870,000 / 2,000,000 packets  elapsed 0:02:28  ETA 0:00:10
2026-10-05 16:26:21   94.00%  1,880,000 / 2,000,000 packets  elapsed 0:02:29  ETA 0:00:10
2026-10-05 16:26:22   94.50%  1,890,000 / 2,000,000 packets  elapsed 0:02:30  ETA 0:00:09
2026-10-05 16:26:23   95.00%  1,900,000 / 2,000,000 packets  elapsed 0:02:31  ETA 0:00:08
2026-10-05 16:26:23   95.50%  1,910,000 / 2,000,000 packets  elapsed 0:02:31  ETA 0:00:07
2026-10-05 16:26:24   96.00%  1,920,000 / 2,000,000 packets  elapsed 0:02:32  ETA 0:00:06
2026-10-05 16:26:25   96.50%  1,930,000 / 2,000,000 packets  elapsed 0:02:33  ETA 0:00:06
2026-10-05 16:26:26   97.00%  1,940,000 / 2,000,000 packets  elapsed 0:02:34  ETA 0:00:05
2026-10-05 16:26:26   97.50%  1,950,000 / 2,000,000 packets  elapsed 0:02:34  ETA 0:00:04
2026-10-05 16:26:27   98.00%  1,960,000 / 2,000,000 packets  elapsed 0:02:35  ETA 0:00:03
2026-10-05 16:26:28   98.50%  1,970,000 / 2,000,000 packets  elapsed 0:02:36  ETA 0:00:02
2026-10-05 16:26:29   99.00%  1,980,000 / 2,000,000 packets  elapsed 0:02:37  ETA 0:00:02
2026-10-05 16:26:29   99.50%  1,990,000 / 2,000,000 packets  elapsed 0:02:37  ETA 0:00:01
2026-10-05 16:26:30  100.00%  2,000,000 / 2,000,000 packets  elapsed 0:02:38  ETA 0:00:00
Simulation wall time: 158.1 s
Transport terminal states:
  active: 0
  reached the observer plane: 418,835
  escaped through the outer transport boundary: 1,580,761
  absorbed: 404
  reached the numerical interaction safety limit: 0
  energy lies outside the dust table: 0
  position or photon four-momentum is invalid: 0
Analog interactions/scatterings: 1,171 / 767
Scored/binned observer fluence [ph cm^-2]: 163912 / 162675
Saved outputs/dsh_image.png
Saved outputs/dsh_count_image.png: 8 events, max 1 per pixel, 2,589 of 2,597 pixels empty
Total run time: 165.4 s
Finished Mon Oct  5 16:26:34 +03 2026, elapsed 172 s
